ARM Linker, 5.03 [Build 76] [MDK-ARM Standard]

==============================================================================

Section Cross References

    stm32f4xx_hal_spi.o(.text) refers to stm32f4xx_hal.o(.text) for HAL_GetTick
    stm32f4xx_hal_spi.o(.text) refers to stm32f4xx_hal_dma.o(.text) for HAL_DMA_Start_IT
    stm32f4xx_hal_tim.o(.text) refers to stm32f4xx_hal_dma.o(.text) for HAL_DMA_Start_IT
    stm32f4xx_hal_tim.o(.text) refers to stm32f4xx_hal_tim_ex.o(.text) for HAL_TIMEx_BreakCallback
    stm32f4xx_hal_tim_ex.o(.text) refers to stm32f4xx_hal_tim.o(.text) for TIM_Base_SetConfig
    stm32f4xx_hal_tim_ex.o(.text) refers to stm32f4xx_hal_dma.o(.text) for HAL_DMA_Start_IT
    stm32f4xx_hal_usart.o(.text) refers to stm32f4xx_hal_rcc.o(.text) for HAL_RCC_GetPCLK2Freq
    stm32f4xx_hal_usart.o(.text) refers to stm32f4xx_hal.o(.text) for HAL_GetTick
    stm32f4xx_hal_usart.o(.text) refers to stm32f4xx_hal_dma.o(.text) for HAL_DMA_Start_IT
    stm32f4_discovery.o(.text) refers to stm32f4xx_hal_gpio.o(.text) for HAL_GPIO_Init
    stm32f4_discovery.o(.text) refers to stm32f4xx_hal_cortex.o(.text) for HAL_NVIC_SetPriority
    stm32f4_discovery.o(.text) refers to stm32f4xx_hal_spi.o(.text) for HAL_SPI_GetState
    stm32f4_discovery.o(.text) refers to stm32f4xx_hal_i2c.o(.text) for HAL_I2C_GetState
    stm32f4_discovery.o(.text) refers to stm32f4_discovery.o(.constdata) for GPIO_PIN
    stm32f4_discovery.o(.text) refers to stm32f4_discovery.o(.data) for GPIO_PORT
    stm32f4_discovery.o(.text) refers to stm32f4_discovery.o(.bss) for SpiHandle
    stm32f4_discovery.o(.text) refers to stm32f4xx_hal.o(.text) for HAL_Delay
    stm32f4xx_hal.o(.text) refers to stm32f4xx_hal_cortex.o(.text) for HAL_SYSTICK_Config
    stm32f4xx_hal.o(.text) refers to stm32f4xx_hal_msp_template.o(.text) for HAL_MspInit
    stm32f4xx_hal.o(.text) refers to stm32f4xx_hal.o(.data) for uwTick
    stm32f4xx_hal_adc.o(.text) refers to stm32f4xx_hal.o(.text) for HAL_GetTick
    stm32f4xx_hal_adc.o(.text) refers to stm32f4xx_hal_adc_ex.o(.text) for HAL_ADCEx_InjectedConvCpltCallback
    stm32f4xx_hal_adc.o(.text) refers to stm32f4xx_hal_dma.o(.text) for HAL_DMA_Start_IT
    stm32f4xx_hal_adc_ex.o(.text) refers to stm32f4xx_hal.o(.text) for HAL_GetTick
    stm32f4xx_hal_adc_ex.o(.text) refers to stm32f4xx_hal_adc.o(.text) for HAL_ADC_ErrorCallback
    stm32f4xx_hal_adc_ex.o(.text) refers to stm32f4xx_hal_dma.o(.text) for HAL_DMA_Start_IT
    stm32f4xx_hal_can.o(.text) refers to stm32f4xx_hal.o(.text) for HAL_GetTick
    stm32f4xx_hal_dac.o(.text) refers to stm32f4xx_hal_dma.o(.text) for HAL_DMA_Start_IT
    stm32f4xx_hal_dac.o(.text) refers to stm32f4xx_hal_dac_ex.o(.text) for HAL_DACEx_DMAUnderrunCallbackCh2
    stm32f4xx_hal_dcmi.o(.text) refers to stm32f4xx_hal_dma_ex.o(.text) for HAL_DMAEx_ChangeMemory
    stm32f4xx_hal_dcmi.o(.text) refers to stm32f4xx_hal_dma.o(.text) for HAL_DMA_Start_IT
    stm32f4xx_hal_dcmi.o(.text) refers to stm32f4xx_hal.o(.text) for HAL_GetTick
    stm32f4xx_hal_dma.o(.text) refers to stm32f4xx_hal.o(.text) for HAL_GetTick
    stm32f4xx_hal_eth.o(.text) refers to stm32f4xx_hal.o(.text) for HAL_Delay
    stm32f4xx_hal_eth.o(.text) refers to stm32f4xx_hal_rcc.o(.text) for HAL_RCC_GetHCLKFreq
    stm32f4xx_hal_flash.o(.text) refers to stm32f4xx_hal.o(.text) for HAL_GetTick
    stm32f4xx_hal_flash.o(.text) refers to stm32f4xx_hal_flash_ex.o(.text) for FLASH_Erase_Sector
    stm32f4xx_hal_flash.o(.text) refers to stm32f4xx_hal_flash.o(.bss) for pFlash
    stm32f4xx_hal_flash_ex.o(.text) refers to stm32f4xx_hal_flash.o(.text) for FLASH_WaitForLastOperation
    stm32f4xx_hal_flash_ex.o(.text) refers to stm32f4xx_hal_flash.o(.bss) for pFlash
    stm32f4xx_hal_hcd.o(.text) refers to stm32f4xx_ll_usb.o(.text) for USB_DisableGlobalInt
    stm32f4xx_hal_hcd.o(.text) refers to rt_memcpy_w.o(.text) for __aeabi_memcpy4
    stm32f4xx_hal_i2c.o(.text) refers to stm32f4xx_hal_rcc.o(.text) for HAL_RCC_GetPCLK1Freq
    stm32f4xx_hal_i2c.o(.text) refers to stm32f4xx_hal.o(.text) for HAL_GetTick
    stm32f4xx_hal_i2c.o(.text) refers to stm32f4xx_hal_dma.o(.text) for HAL_DMA_Start_IT
    stm32f4xx_hal_i2s.o(.text) refers to stm32f4xx_hal.o(.text) for HAL_GetTick
    stm32f4xx_hal_i2s.o(.text) refers to stm32f4xx_hal_dma.o(.text) for HAL_DMA_Start_IT
    stm32f4xx_hal_i2s.o(.text) refers to stm32f4xx_hal_i2s_ex.o(.text) for I2SEx_TransmitReceive_IT
    stm32f4xx_hal_i2s_ex.o(.text) refers to stm32f4xx_hal_i2s.o(.text) for I2S_WaitFlagStateUntilTimeout
    stm32f4xx_hal_i2s_ex.o(.text) refers to stm32f4xx_hal.o(.text) for HAL_GetTick
    stm32f4xx_hal_i2s_ex.o(.text) refers to stm32f4xx_hal_dma.o(.text) for HAL_DMA_Start_IT
    stm32f4xx_hal_irda.o(.text) refers to stm32f4xx_hal_rcc.o(.text) for HAL_RCC_GetPCLK2Freq
    stm32f4xx_hal_irda.o(.text) refers to stm32f4xx_hal.o(.text) for HAL_GetTick
    stm32f4xx_hal_irda.o(.text) refers to stm32f4xx_hal_dma.o(.text) for HAL_DMA_Start_IT
[...]
    ..\Drivers\STM32F4xx_HAL_Driver\Src\stm32f4xx_ll_usb.c 0x00000000   Number         0  stm32f4xx_ll_usb.o ABSOLUTE
    ..\User\LD3320\LD3320.c                  0x00000000   Number         0  ld3320.o ABSOLUTE
    ..\User\main.c                           0x00000000   Number         0  main.o ABSOLUTE
    ..\\Drivers\\BSP\\STM32F4-Discovery\\stm32f4_discovery.c 0x00000000   Number         0  stm32f4_discovery.o ABSOLUTE
    ..\\Drivers\\CMSIS\\Device\\ST\\STM32F4xx\\Source\\Templates\\system_stm32f4xx.c 0x00000000   Number         0  system_stm32f4xx.o ABSOLUTE
    ..\\Drivers\\STM32F4xx_HAL_Driver\\Src\\stm32f4xx_hal.c 0x00000000   Number         0  stm32f4xx_hal.o ABSOLUTE
    ..\\Drivers\\STM32F4xx_HAL_Driver\\Src\\stm32f4xx_hal_adc.c 0x00000000   Number         0  stm32f4xx_hal_adc.o ABSOLUTE
    ..\\Drivers\\STM32F4xx_HAL_Driver\\Src\\stm32f4xx_hal_adc_ex.c 0x00000000   Number         0  stm32f4xx_hal_adc_ex.o ABSOLUTE
    ..\\Drivers\\STM32F4xx_HAL_Driver\\Src\\stm32f4xx_hal_can.c 0x00000000   Number         0  stm32f4xx_hal_can.o ABSOLUTE
    ..\\Drivers\\STM32F4xx_HAL_Driver\\Src\\stm32f4xx_hal_cortex.c 0x00000000   Number         0  stm32f4xx_hal_cortex.o ABSOLUTE
    ..\\Drivers\\STM32F4xx_HAL_Driver\\Src\\stm32f4xx_hal_crc.c 0x00000000   Number         0  stm32f4xx_hal_crc.o ABSOLUTE
    ..\\Drivers\\STM32F4xx_HAL_Driver\\Src\\stm32f4xx_hal_cryp.c 0x00000000   Number         0  stm32f4xx_hal_cryp.o ABSOLUTE
    ..\\Drivers\\STM32F4xx_HAL_Driver\\Src\\stm32f4xx_hal_cryp_ex.c 0x00000000   Number         0  stm32f4xx_hal_cryp_ex.o ABSOLUTE
    ..\\Drivers\\STM32F4xx_HAL_Driver\\Src\\stm32f4xx_hal_dac.c 0x00000000   Number         0  stm32f4xx_hal_dac.o ABSOLUTE
    ..\\Drivers\\STM32F4xx_HAL_Driver\\Src\\stm32f4xx_hal_dac_ex.c 0x00000000   Number         0  stm32f4xx_hal_dac_ex.o ABSOLUTE
    ..\\Drivers\\STM32F4xx_HAL_Driver\\Src\\stm32f4xx_hal_dcmi.c 0x00000000   Number         0  stm32f4xx_hal_dcmi.o ABSOLUTE
    ..\\Drivers\\STM32F4xx_HAL_Driver\\Src\\stm32f4xx_hal_dma.c 0x00000000   Number         0  stm32f4xx_hal_dma.o ABSOLUTE
    ..\\Drivers\\STM32F4xx_HAL_Driver\\Src\\stm32f4xx_hal_dma2d.c 0x00000000   Number         0  stm32f4xx_hal_dma2d.o ABSOLUTE
    ..\\Drivers\\STM32F4xx_HAL_Driver\\Src\\stm32f4xx_hal_dma_ex.c 0x00000000   Number         0  stm32f4xx_hal_dma_ex.o ABSOLUTE
    ..\\Drivers\\STM32F4xx_HAL_Driver\\Src\\stm32f4xx_hal_eth.c 0x00000000   Number         0  stm32f4xx_hal_eth.o ABSOLUTE
    ..\\Drivers\\STM32F4xx_HAL_Driver\\Src\\stm32f4xx_hal_flash.c 0x00000000   Number         0  stm32f4xx_hal_flash.o ABSOLUTE
    ..\\Drivers\\STM32F4xx_HAL_Driver\\Src\\stm32f4xx_hal_flash_ex.c 0x00000000   Number         0  stm32f4xx_hal_flash_ex.o ABSOLUTE
    ..\\Drivers\\STM32F4xx_HAL_Driver\\Src\\stm32f4xx_hal_gpio.c 0x00000000   Number         0  stm32f4xx_hal_gpio.o ABSOLUTE
    ..\\Drivers\\STM32F4xx_HAL_Driver\\Src\\stm32f4xx_hal_hash.c 0x00000000   Number         0  stm32f4xx_hal_hash.o ABSOLUTE
    ..\\Drivers\\STM32F4xx_HAL_Driver\\Src\\stm32f4xx_hal_hash_ex.c 0x00000000   Number         0  stm32f4xx_hal_hash_ex.o ABSOLUTE
    ..\\Drivers\\STM32F4xx_HAL_Driver\\Src\\stm32f4xx_hal_hcd.c 0x00000000   Number         0  stm32f4xx_hal_hcd.o ABSOLUTE
    ..\\Drivers\\STM32F4xx_HAL_Driver\\Src\\stm32f4xx_hal_i2c.c 0x00000000   Number         0  stm32f4xx_hal_i2c.o ABSOLUTE
    ..\\Drivers\\STM32F4xx_HAL_Driver\\Src\\stm32f4xx_hal_i2c_ex.c 0x00000000   Number         0  stm32f4xx_hal_i2c_ex.o ABSOLUTE
    ..\\Drivers\\STM32F4xx_HAL_Driver\\Src\\stm32f4xx_hal_i2s.c 0x00000000   Number         0  stm32f4xx_hal_i2s.o ABSOLUTE
    ..\\Drivers\\STM32F4xx_HAL_Driver\\Src\\stm32f4xx_hal_i2s_ex.c 0x00000000   Number         0  stm32f4xx_hal_i2s_ex.o ABSOLUTE
    ..\\Drivers\\STM32F4xx_HAL_Driver\\Src\\stm32f4xx_hal_irda.c 0x00000000   Number         0  stm32f4xx_hal_irda.o ABSOLUTE
    ..\\Drivers\\STM32F4xx_HAL_Driver\\Src\\stm32f4xx_hal_iwdg.c 0x00000000   Number         0  stm32f4xx_hal_iwdg.o ABSOLUTE
    ..\\Drivers\\STM32F4xx_HAL_Driver\\Src\\stm32f4xx_hal_ltdc.c 0x00000000   Number         0  stm32f4xx_hal_ltdc.o ABSOLUTE
    ..\\Drivers\\STM32F4xx_HAL_Driver\\Src\\stm32f4xx_hal_msp_template.c 0x00000000   Number         0  stm32f4xx_hal_msp_template.o ABSOLUTE
    ..\\Drivers\\STM32F4xx_HAL_Driver\\Src\\stm32f4xx_hal_nand.c 0x00000000   Number         0  stm32f4xx_hal_nand.o ABSOLUTE
    ..\\Drivers\\STM32F4xx_HAL_Driver\\Src\\stm32f4xx_hal_nor.c 0x00000000   Number         0  stm32f4xx_hal_nor.o ABSOLUTE
    ..\\Drivers\\STM32F4xx_HAL_Driver\\Src\\stm32f4xx_hal_pccard.c 0x00000000   Number         0  stm32f4xx_hal_pccard.o ABSOLUTE
    ..\\Drivers\\STM32F4xx_HAL_Driver\\Src\\stm32f4xx_hal_pcd.c 0x00000000   Number         0  stm32f4xx_hal_pcd.o ABSOLUTE
    ..\\Drivers\\STM32F4xx_HAL_Driver\\Src\\stm32f4xx_hal_pwr.c 0x00000000   Number         0  stm32f4xx_hal_pwr.o ABSOLUTE
    ..\\Drivers\\STM32F4xx_HAL_Driver\\Src\\stm32f4xx_hal_pwr_ex.c 0x00000000   Number         0  stm32f4xx_hal_pwr_ex.o ABSOLUTE
    ..\\Drivers\\STM32F4xx_HAL_Driver\\Src\\stm32f4xx_hal_rcc.c 0x00000000   Number         0  stm32f4xx_hal_rcc.o ABSOLUTE
    ..\\Drivers\\STM32F4xx_HAL_Driver\\Src\\stm32f4xx_hal_rcc_ex.c 0x00000000   Number         0  stm32f4xx_hal_rcc_ex.o ABSOLUTE
    ..\\Drivers\\STM32F4xx_HAL_Driver\\Src\\stm32f4xx_hal_rng.c 0x00000000   Number         0  stm32f4xx_hal_rng.o ABSOLUTE
    ..\\Drivers\\STM32F4xx_HAL_Driver\\Src\\stm32f4xx_hal_rtc.c 0x00000000   Number         0  stm32f4xx_hal_rtc.o ABSOLUTE
    ..\\Drivers\\STM32F4xx_HAL_Driver\\Src\\stm32f4xx_hal_rtc_ex.c 0x00000000   Number         0  stm32f4xx_hal_rtc_ex.o ABSOLUTE
    ..\\Drivers\\STM32F4xx_HAL_Driver\\Src\\stm32f4xx_hal_sai.c 0x00000000   Number         0  stm32f4xx_hal_sai.o ABSOLUTE
    ..\\Drivers\\STM32F4xx_HAL_Driver\\Src\\stm32f4xx_hal_sd.c 0x00000000   Number         0  stm32f4xx_hal_sd.o ABSOLUTE
    ..\\Drivers\\STM32F4xx_HAL_Driver\\Src\\stm32f4xx_hal_sdram.c 0x00000000   Number         0  stm32f4xx_hal_sdram.o ABSOLUTE
    ..\\Drivers\\STM32F4xx_HAL_Driver\\Src\\stm32f4xx_hal_smartcard.c 0x00000000   Number         0  stm32f4xx_hal_smartcard.o ABSOLUTE
    ..\\Drivers\\STM32F4xx_HAL_Driver\\Src\\stm32f4xx_hal_spi.c 0x00000000   Number         0  stm32f4xx_hal_spi.o ABSOLUTE
    ..\\Drivers\\STM32F4xx_HAL_Driver\\Src\\stm32f4xx_hal_sram.c 0x00000000   Number         0  stm32f4xx_hal_sram.o ABSOLUTE
    ..\\Drivers\\STM32F4xx_HAL_Driver\\Src\\stm32f4xx_hal_tim.c 0x00000000   Number         0  stm32f4xx_hal_tim.o ABSOLUTE
    ..\\Drivers\\STM32F4xx_HAL_Driver\\Src\\stm32f4xx_hal_tim_ex.c 0x00000000   Number         0  stm32f4xx_hal_tim_ex.o ABSOLUTE
    ..\\Drivers\\STM32F4xx_HAL_Driver\\Src\\stm32f4xx_hal_uart.c 0x00000000   Number         0  stm32f4xx_hal_uart.o ABSOLUTE
    ..\\Drivers\\STM32F4xx_HAL_Driver\\Src\\stm32f4xx_hal_usart.c 0x00000000   Number         0  stm32f4xx_hal_usart.o ABSOLUTE
    ..\\Drivers\\STM32F4xx_HAL_Driver\\Src\\stm32f4xx_hal_wwdg.c 0x00000000   Number         0  stm32f4xx_hal_wwdg.o ABSOLUTE
    ..\\Drivers\\STM32F4xx_HAL_Driver\\Src\\stm32f4xx_ll_fmc.c 0x00000000   Number         0  stm32f4xx_ll_fmc.o ABSOLUTE
    ..\\Drivers\\STM32F4xx_HAL_Driver\\Src\\stm32f4xx_ll_fsmc.c 0x00000000   Number         0  stm32f4xx_ll_fsmc.o ABSOLUTE
    ..\\Drivers\\STM32F4xx_HAL_Driver\\Src\\stm32f4xx_ll_sdmmc.c 0x00000000   Number         0  stm32f4xx_ll_sdmmc.o ABSOLUTE
    ..\\Drivers\\STM32F4xx_HAL_Driver\\Src\\stm32f4xx_ll_usb.c 0x00000000   Number         0  stm32f4xx_ll_usb.o ABSOLUTE
    ..\\User\\LD3320\\LD3320.c               0x00000000   Number         0  ld3320.o ABSOLUTE
    ..\\User\\main.c                         0x00000000   Number         0  main.o ABSOLUTE
    dc.s                                     0x00000000   Number         0  dc.o ABSOLUTE
    RESET                                    0x08000000   Section      392  startup_stm32f407xx.o(RESET)
    !!!main                                  0x08000188   Section        8  __main.o(!!!main)
    !!!scatter                               0x08000190   Section       52  __scatter.o(!!!scatter)
    !!handler_copy                           0x080001c4   Section       26  __scatter_copy.o(!!handler_copy)
    !!handler_zi                             0x080001e0   Section       28  __scatter_zi.o(!!handler_zi)
    .ARM.Collect$$_printf_percent$$00000000  0x080001fc   Section        0  _printf_percent.o(.ARM.Collect$$_printf_percent$$00000000)
    .ARM.Collect$$_printf_percent$$00000009  0x080001fc   Section        6  _printf_d.o(.ARM.Collect$$_printf_percent$$00000009)
    .ARM.Collect$$_printf_percent$$00000017  0x08000202   Section        4  _printf_percent_end.o(.ARM.Collect$$_printf_percent$$00000017)
    .ARM.Collect$$libinit$$00000000          0x08000206   Section        2  libinit.o(.ARM.Collect$$libinit$$00000000)
    .ARM.Collect$$libinit$$00000001          0x08000208   Section        4  libinit2.o(.ARM.Collect$$libinit$$00000001)
    .ARM.Collect$$libinit$$00000003          0x0800020c   Section        8  libinit2.o(.ARM.Collect$$libinit$$00000003)
    .ARM.Collect$$libinit$$00000008          0x08000214   Section        0  libinit2.o(.ARM.Collect$$libinit$$00000008)
    .ARM.Collect$$libinit$$0000000A          0x08000214   Section        0  libinit2.o(.ARM.Collect$$libinit$$0000000A)
    .ARM.Collect$$libinit$$0000000C          0x08000214   Section        0  libinit2.o(.ARM.Collect$$libinit$$0000000C)
    .ARM.Collect$$libinit$$0000000F          0x08000214   Section        0  libinit2.o(.ARM.Collect$$libinit$$0000000F)
    .ARM.Collect$$libinit$$00000011          0x08000214   Section        0  libinit2.o(.ARM.Collect$$libinit$$00000011)
    .ARM.Collect$$libinit$$00000013          0x08000214   Section        0  libinit2.o(.ARM.Collect$$libinit$$00000013)
    .ARM.Collect$$libinit$$00000015          0x08000214   Section        0  libinit2.o(.ARM.Collect$$libinit$$00000015)
    .ARM.Collect$$libinit$$00000017          0x08000214   Section        0  libinit2.o(.ARM.Collect$$libinit$$00000017)
    .ARM.Collect$$libinit$$00000019          0x08000214   Section        0  libinit2.o(.ARM.Collect$$libinit$$00000019)
    .ARM.Collect$$libinit$$0000001B          0x08000214   Section        0  libinit2.o(.ARM.Collect$$libinit$$0000001B)
    .ARM.Collect$$libinit$$0000001D          0x08000214   Section        0  libinit2.o(.ARM.Collect$$libinit$$0000001D)
    .ARM.Collect$$libinit$$0000001F          0x08000214   Section        0  libinit2.o(.ARM.Collect$$libinit$$0000001F)
    .ARM.Collect$$libinit$$00000021          0x08000214   Section        0  libinit2.o(.ARM.Collect$$libinit$$00000021)
    .ARM.Collect$$libinit$$00000022          0x08000214   Section        4  libinit2.o(.ARM.Collect$$libinit$$00000022)
    .ARM.Collect$$libinit$$00000023          0x08000218   Section        0  libinit2.o(.ARM.Collect$$libinit$$00000023)
    .ARM.Collect$$libinit$$0000002A          0x08000218   Section        0  libinit2.o(.ARM.Collect$$libinit$$0000002A)
    .ARM.Collect$$libinit$$0000002C          0x08000218   Section        0  libinit2.o(.ARM.Collect$$libinit$$0000002C)
    .ARM.Collect$$libinit$$0000002E          0x08000218   Section        0  libinit2.o(.ARM.Collect$$libinit$$0000002E)
    .ARM.Collect$$libinit$$00000030          0x08000218   Section        0  libinit2.o(.ARM.Collect$$libinit$$00000030)
    .ARM.Collect$$libinit$$00000031          0x08000218   Section        2  libinit2.o(.ARM.Collect$$libinit$$00000031)
    .ARM.Collect$$libshutdown$$00000000      0x0800021a   Section        2  libshutdown.o(.ARM.Collect$$libshutdown$$00000000)
    .ARM.Collect$$libshutdown$$00000002      0x0800021c   Section        4  libshutdown2.o(.ARM.Collect$$libshutdown$$00000002)
    .ARM.Collect$$libshutdown$$00000003      0x08000220   Section        0  libshutdown2.o(.ARM.Collect$$libshutdown$$00000003)
    .ARM.Collect$$libshutdown$$00000006      0x08000220   Section        0  libshutdown2.o(.ARM.Collect$$libshutdown$$00000006)
    .ARM.Collect$$libshutdown$$00000009      0x08000220   Section        0  libshutdown2.o(.ARM.Collect$$libshutdown$$00000009)
    .ARM.Collect$$libshutdown$$0000000B      0x08000220   Section        0  libshutdown2.o(.ARM.Collect$$libshutdown$$0000000B)
    .ARM.Collect$$libshutdown$$0000000E      0x08000220   Section        0  libshutdown2.o(.ARM.Collect$$libshutdown$$0000000E)
    .ARM.Collect$$libshutdown$$0000000F      0x08000220   Section        2  libshutdown2.o(.ARM.Collect$$libshutdown$$0000000F)
    .ARM.Collect$$rtentry$$00000000          0x08000222   Section        0  rtentry.o(.ARM.Collect$$rtentry$$00000000)
    .ARM.Collect$$rtentry$$00000002          0x08000222   Section        0  rtentry2.o(.ARM.Collect$$rtentry$$00000002)
    .ARM.Collect$$rtentry$$00000004          0x08000222   Section        6  rtentry4.o(.ARM.Collect$$rtentry$$00000004)
    .ARM.Collect$$rtentry$$00000009          0x08000228   Section        0  rtentry2.o(.ARM.Collect$$rtentry$$00000009)
    .ARM.Collect$$rtentry$$0000000A          0x08000228   Section        4  rtentry2.o(.ARM.Collect$$rtentry$$0000000A)
    .ARM.Collect$$rtentry$$0000000C          0x0800022c   Section        0  rtentry2.o(.ARM.Collect$$rtentry$$0000000C)
    .ARM.Collect$$rtentry$$0000000D          0x0800022c   Section        8  rtentry2.o(.ARM.Collect$$rtentry$$0000000D)
    .ARM.Collect$$rtexit$$00000000           0x08000234   Section        2  rtexit.o(.ARM.Collect$$rtexit$$00000000)
    .ARM.Collect$$rtexit$$00000002           0x08000236   Section        0  rtexit2.o(.ARM.Collect$$rtexit$$00000002)
    .ARM.Collect$$rtexit$$00000003           0x08000236   Section        4  rtexit2.o(.ARM.Collect$$rtexit$$00000003)
    .ARM.Collect$$rtexit$$00000004           0x0800023a   Section        6  rtexit2.o(.ARM.Collect$$rtexit$$00000004)
    .emb_text                                0x08000240   Section        0  maybetermalloc1.o(.emb_text)
    .text                                    0x08000240   Section        0  stm32f4xx_hal_gpio.o(.text)
    .text                                    0x080005c8   Section        0  stm32f4xx_hal_spi.o(.text)
    SPI_WaitOnFlagUntilTimeout               0x08000683   Thumb Code   264  stm32f4xx_hal_spi.o(.text)
    SPI_TxCloseIRQHandler                    0x08000eb1   Thumb Code   162  stm32f4xx_hal_spi.o(.text)
    SPI_TxISR                                0x08000f53   Thumb Code    74  stm32f4xx_hal_spi.o(.text)
    SPI_RxCloseIRQHandler                    0x08001067   Thumb Code   248  stm32f4xx_hal_spi.o(.text)
    SPI_2LinesRxISR                          0x0800115f   Thumb Code    56  stm32f4xx_hal_spi.o(.text)
    SPI_RxISR                                0x0800124b   Thumb Code    82  stm32f4xx_hal_spi.o(.text)
    SPI_DMAError                             0x0800137d   Thumb Code    38  stm32f4xx_hal_spi.o(.text)
    SPI_DMATransmitCplt                      0x080013a3   Thumb Code   132  stm32f4xx_hal_spi.o(.text)
    SPI_DMAReceiveCplt                       0x080014fd   Thumb Code   188  stm32f4xx_hal_spi.o(.text)
    SPI_DMATransmitReceiveCplt               0x080015b9   Thumb Code   206  stm32f4xx_hal_spi.o(.text)
    .text                                    0x080019c0   Section        0  stm32f4_discovery.o(.text)
    SPIx_MspInit                             0x08001b21   Thumb Code    62  stm32f4_discovery.o(.text)
    SPIx_Error                               0x08001ba7   Thumb Code    14  stm32f4_discovery.o(.text)
    I2Cx_MspInit                             0x08001bdb   Thumb Code   124  stm32f4_discovery.o(.text)
    I2Cx_Init                                0x08001c57   Thumb Code    50  stm32f4_discovery.o(.text)
    I2Cx_Error                               0x08001c89   Thumb Code    16  stm32f4_discovery.o(.text)
    I2Cx_WriteData                           0x08001c99   Thumb Code    50  stm32f4_discovery.o(.text)
    I2Cx_ReadData                            0x08001ccb   Thumb Code    56  stm32f4_discovery.o(.text)
    .text                                    0x08001ec4   Section        0  stm32f4xx_hal.o(.text)
    .text                                    0x08001ff8   Section        0  stm32f4xx_hal_cortex.o(.text)
    NVIC_SetPriority                         0x08001ff9   Thumb Code    32  stm32f4xx_hal_cortex.o(.text)
    NVIC_GetPriorityGrouping                 0x08002283   Thumb Code    12  stm32f4xx_hal_cortex.o(.text)
    .text                                    0x080022a4   Section        0  stm32f4xx_hal_dma.o(.text)
    DMA_SetConfig                            0x08003329   Thumb Code    32  stm32f4xx_hal_dma.o(.text)
    .text                                    0x080080c4   Section        0  stm32f4xx_hal_i2c.o(.text)
    I2C_WaitOnFlagUntilTimeout               0x08008213   Thumb Code   210  stm32f4xx_hal_i2c.o(.text)
    I2C_WaitOnMasterAddressFlagUntilTimeout  0x080082e5   Thumb Code   172  stm32f4xx_hal_i2c.o(.text)
    I2C_MasterRequestWrite                   0x08008391   Thumb Code   140  stm32f4xx_hal_i2c.o(.text)
    I2C_MasterRequestRead                    0x0800853f   Thumb Code   242  stm32f4xx_hal_i2c.o(.text)
    I2C_DMAError                             0x08008d63   Thumb Code    48  stm32f4xx_hal_i2c.o(.text)
    I2C_DMAMasterTransmitCplt                0x08008d95   Thumb Code   114  stm32f4xx_hal_i2c.o(.text)
    I2C_DMAMasterReceiveCplt                 0x08008ed1   Thumb Code   112  stm32f4xx_hal_i2c.o(.text)
    I2C_DMASlaveTransmitCplt                 0x08009029   Thumb Code   128  stm32f4xx_hal_i2c.o(.text)
    I2C_DMASlaveReceiveCplt                  0x080091af   Thumb Code   134  stm32f4xx_hal_i2c.o(.text)
    I2C_RequestMemoryWrite                   0x080092e9   Thumb Code   170  stm32f4xx_hal_i2c.o(.text)
    I2C_RequestMemoryRead                    0x080094a1   Thumb Code   292  stm32f4xx_hal_i2c.o(.text)
    I2C_DMAMemTransmitCplt                   0x080099b1   Thumb Code   116  stm32f4xx_hal_i2c.o(.text)
    I2C_DMAMemReceiveCplt                    0x08009aff   Thumb Code   112  stm32f4xx_hal_i2c.o(.text)
    I2C_SlaveReceive_BTF                     0x08009dc9   Thumb Code    62  stm32f4xx_hal_i2c.o(.text)
    I2C_SlaveReceive_RXNE                    0x08009e07   Thumb Code    62  stm32f4xx_hal_i2c.o(.text)
    I2C_SlaveTransmit_BTF                    0x08009e45   Thumb Code    60  stm32f4xx_hal_i2c.o(.text)
    I2C_SlaveTransmit_TXE                    0x08009e81   Thumb Code    60  stm32f4xx_hal_i2c.o(.text)
    I2C_Slave_STOPF                          0x08009ebd   Thumb Code   128  stm32f4xx_hal_i2c.o(.text)
    I2C_Slave_ADDR                           0x08009f3d   Thumb Code    50  stm32f4xx_hal_i2c.o(.text)
    I2C_MasterReceive_BTF                    0x08009f6f   Thumb Code   252  stm32f4xx_hal_i2c.o(.text)
    I2C_MasterReceive_RXNE                   0x0800a06b   Thumb Code   202  stm32f4xx_hal_i2c.o(.text)
    I2C_MasterTransmit_BTF                   0x0800a135   Thumb Code   158  stm32f4xx_hal_i2c.o(.text)
    I2C_MasterTransmit_TXE                   0x0800a1d3   Thumb Code    72  stm32f4xx_hal_i2c.o(.text)
    I2C_Slave_AF                             0x0800a38b   Thumb Code   110  stm32f4xx_hal_i2c.o(.text)
    .text                                    0x0800a500   Section        0  stm32f4xx_hal_msp_template.o(.text)
    .text                                    0x0800a508   Section        0  stm32f4xx_hal_rcc.o(.text)
    .text                                    0x0800af2c   Section        0  main.o(.text)
    .text                                    0x0800af34   Section        0  ld3320.o(.text)
    Delayms                                  0x0800af35   Thumb Code    34  ld3320.o(.text)
    Jt_LED                                   0x0800af57   Thumb Code    32  ld3320.o(.text)
    Off_LED                                  0x0800af77   Thumb Code    28  ld3320.o(.text)
    Key_LED                                  0x0800af93   Thumb Code    32  ld3320.o(.text)
    Flicker_LED                              0x0800afb3   Thumb Code    44  ld3320.o(.text)
    Glide_LED                                0x0800afdf   Thumb Code   116  ld3320.o(.text)
    Board_text                               0x0800b053   Thumb Code    54  ld3320.o(.text)
    spi_send_byte                            0x0800b089   Thumb Code    12  ld3320.o(.text)
    LD_ReadReg                               0x0800b095   Thumb Code    58  ld3320.o(.text)
    LD_GetResult                             0x0800b0cf   Thumb Code    10  ld3320.o(.text)
    LD3320_delay                             0x0800b0d9   Thumb Code    42  ld3320.o(.text)
    LD_reset                                 0x0800b103   Thumb Code    84  ld3320.o(.text)
    LD_WriteReg                              0x0800b157   Thumb Code    56  ld3320.o(.text)
    LD_Check_ASRBusyFlag_b2                  0x0800b18f   Thumb Code    42  ld3320.o(.text)
    LD_AsrRun                                0x0800b1b9   Thumb Code   122  ld3320.o(.text)
    LD_AsrAddFixed                           0x0800b233   Thumb Code   172  ld3320.o(.text)
    LD_Init_Common                           0x0800b2df   Thumb Code   200  ld3320.o(.text)
    LD_Init_ASR                              0x0800b3a7   Thumb Code   106  ld3320.o(.text)
    LD_AsrStart                              0x0800b411   Thumb Code     8  ld3320.o(.text)
    RunASR                                   0x0800b419   Thumb Code    80  ld3320.o(.text)
    LED_GPIO_cfg                             0x0800b469   Thumb Code    52  ld3320.o(.text)
    LD3320_SPI_cfg                           0x0800b49d   Thumb Code     8  ld3320.o(.text)
    LD3320_GPIO_Cfg                          0x0800b4a5   Thumb Code    58  ld3320.o(.text)
    LD3320_init                              0x0800b4df   Thumb Code    20  ld3320.o(.text)
    ProcessInt                               0x0800b5b7   Thumb Code   172  ld3320.o(.text)
    .text                                    0x0800b740   Section       64  startup_stm32f407xx.o(.text)
    $v0                                      0x0800b740   Number         0  startup_stm32f407xx.o(.text)
    .text                                    0x0800b780   Section        0  system_stm32f4xx.o(.text)
    .text                                    0x0800b8a0   Section        0  noretval__2printf.o(.text)
    .text                                    0x0800b8b8   Section        0  __printf.o(.text)
    .text                                    0x0800b920   Section        0  _printf_dec.o(.text)
    .text                                    0x0800b998   Section      100  rt_memcpy_w.o(.text)
    .text                                    0x0800b9fc   Section       78  rt_memclr_w.o(.text)
    .text                                    0x0800ba4a   Section        0  heapauxi.o(.text)
    .text                                    0x0800ba50   Section        0  _printf_intcommon.o(.text)
    .text                                    0x0800bb08   Section        0  _printf_char_file.o(.text)
    .text                                    0x0800bb2c   Section        0  _printf_char_common.o(.text)
    _printf_input_char                       0x0800bb2d   Thumb Code    10  _printf_char_common.o(.text)
    .text                                    0x0800bb5c   Section        0  ferror.o(.text)
    .text                                    0x0800bb64   Section        0  initio.o(.text)
    .text                                    0x0800bc9c   Section        0  sys_io.o(.text)
    .text                                    0x0800bd02   Section       74  sys_stackheap_outer.o(.text)
    .text                                    0x0800bd4c   Section        0  h1_free.o(.text)
    .text                                    0x0800bd9a   Section        0  flsbuf.o(.text)
    .text                                    0x0800bf78   Section        0  setvbuf.o(.text)
    .text                                    0x0800bfc0   Section        0  fopen.o(.text)
    _freopen_locked                          0x0800bfc1   Thumb Code     0  fopen.o(.text)
    .text                                    0x0800c0ac   Section        0  fclose.o(.text)
    .text                                    0x0800c0f8   Section        0  exit.o(.text)
    .text                                    0x0800c104   Section        0  defsig_rtred_outer.o(.text)
    .text                                    0x0800c114   Section        8  libspace.o(.text)
    .text                                    0x0800c11c   Section        2  use_no_semi.o(.text)
    .text                                    0x0800c11e   Section        0  indicate_semi.o(.text)
    .text                                    0x0800c120   Section        8  rt_heap_descriptor_intlibspace.o(.text)
    .text                                    0x0800c128   Section        0  hguard.o(.text)
    .text                                    0x0800c12c   Section        0  init_alloc.o(.text)
    .text                                    0x0800c1b6   Section        0  h1_alloc.o(.text)
    .text                                    0x0800c214   Section        0  fseek.o(.text)
    .text                                    0x0800c30c   Section        0  stdio.o(.text)
    .text                                    0x0800c3fc   Section        0  defsig_exit.o(.text)
    .text                                    0x0800c408   Section        0  defsig_rtred_inner.o(.text)
    .text                                    0x0800c43c   Section        0  strlen.o(.text)
    .text                                    0x0800c47c   Section        0  sys_exit.o(.text)
    .text                                    0x0800c488   Section        0  h1_init.o(.text)
    .text                                    0x0800c496   Section        0  h1_extend.o(.text)
    .text                                    0x0800c4ca   Section        0  ftell.o(.text)
    .text                                    0x0800c510   Section        0  defsig_general.o(.text)
    .text                                    0x0800c542   Section        0  defsig_rtmem_outer.o(.text)
    .text                                    0x0800c550   Section        0  sys_wrch.o(.text)
    .text                                    0x0800c560   Section        8  rt_errno_addr_intlibspace.o(.text)
    .text                                    0x0800c568   Section        0  defsig_rtmem_inner.o(.text)
    i.fputc                                  0x0800c5b8   Section        0  fputc.o(i.fputc)
    x$fpl$fpinit                             0x0800c5d2   Section       10  fpinit.o(x$fpl$fpinit)
    $v0                                      0x0800c5d2   Number         0  fpinit.o(x$fpl$fpinit)
    .constdata                               0x0800c5dc   Section       11  stm32f4_discovery.o(.constdata)
    .constdata                               0x0800c5e7   Section       16  stm32f4xx_hal_rcc.o(.constdata)
    .constdata                               0x0800c5f8   Section      100  ld3320.o(.constdata)
    .constdata                               0x0800c65c   Section        4  sys_io.o(.constdata)
    .constdata                               0x0800c660   Section        4  sys_io.o(.constdata)
    .constdata                               0x0800c664   Section        4  sys_io.o(.constdata)
    .data                                    0x20000000   Section       28  stm32f4_discovery.o(.data)
    .data                                    0x2000001c   Section        4  stm32f4xx_hal.o(.data)
    uwTick                                   0x2000001c   Data           4  stm32f4xx_hal.o(.data)
    .data                                    0x20000020   Section        3  ld3320.o(.data)
    .data                                    0x20000024   Section       20  system_stm32f4xx.o(.data)
    .data                                    0x20000038   Section        4  stdio_streams.o(.data)
    .data                                    0x2000003c   Section        4  stdio_streams.o(.data)
    .data                                    0x20000040   Section        4  stdio_streams.o(.data)
    .bss                                     0x20000044   Section      140  stm32f4_discovery.o(.bss)
    SpiHandle                                0x20000044   Data          84  stm32f4_discovery.o(.bss)
    I2cHandle                                0x20000098   Data          56  stm32f4_discovery.o(.bss)
    .bss                                     0x200000d0   Section       84  stdio_streams.o(.bss)
    .bss                                     0x20000124   Section       84  stdio_streams.o(.bss)
    .bss                                     0x20000178   Section       84  stdio_streams.o(.bss)
    .bss                                     0x200001cc   Section       96  libspace.o(.bss)
    HEAP                                     0x20000230   Section      512  startup_stm32f407xx.o(HEAP)
    Heap_Mem                                 0x20000230   Data         512  startup_stm32f407xx.o(HEAP)
    STACK                                    0x20000430   Section     1024  startup_stm32f407xx.o(STACK)
    Stack_Mem                                0x20000430   Data        1024  startup_stm32f407xx.o(STACK)
    __initial_sp                             0x20000830   Data           0  startup_stm32f407xx.o(STACK)

    Global Symbols

    Symbol Name                              Value     Ov Type        Size  Object(Section)

    BuildAttributes$$THM_ISAv4$E$P$D$K$B$S$7EM$VFPi3$EXTD16$VFPS$VFMA$PE$A:L22UL41UL21$X:L11$S22US41US21$IEEE1$IW$USESV6$~STKCKD$USESV7$~SHL$OTIME$ROPI$EBA8$UX$STANDARDLIB$REQ8$PRES8$EABIv2 0x00000000   Number         0  anon$$obj.o ABSOLUTE
    __ARM_use_no_argv                        0x00000000   Number         0  main.o ABSOLUTE
    __ARM_exceptions_init                     - Undefined Weak Reference
    __alloca_initialize                       - Undefined Weak Reference
    __cpp_initialize__aeabi_                  - Undefined Weak Reference
    __cxa_finalize                            - Undefined Weak Reference
    __rt_locale                               - Undefined Weak Reference
    __sigvec_lookup                           - Undefined Weak Reference
    __user_heap_extent                        - Undefined Weak Reference
    _atexit_init                              - Undefined Weak Reference
    _call_atexit_fns                          - Undefined Weak Reference
    _clock_init                               - Undefined Weak Reference
    _fp_trap_init                             - Undefined Weak Reference
    _fp_trap_shutdown                         - Undefined Weak Reference
    _get_lc_collate                           - Undefined Weak Reference
    _get_lc_ctype                             - Undefined Weak Reference
    _get_lc_monetary                          - Undefined Weak Reference
    _get_lc_numeric                           - Undefined Weak Reference
    _get_lc_time                              - Undefined Weak Reference
    _getenv_init                              - Undefined Weak Reference
    _handle_redirection                       - Undefined Weak Reference
    _mutex_acquire                            - Undefined Weak Reference
    _mutex_free                               - Undefined Weak Reference
    _mutex_release                            - Undefined Weak Reference
    _printf_post_padding                      - Undefined Weak Reference
    _printf_pre_padding                       - Undefined Weak Reference
    _printf_truncate_signed                   - Undefined Weak Reference
    _printf_truncate_unsigned                 - Undefined Weak Reference
    _rand_init                                - Undefined Weak Reference
    _signal_finish                            - Undefined Weak Reference
    _signal_init                              - Undefined Weak Reference
    __Vectors_Size                           0x00000188   Number         0  startup_stm32f407xx.o ABSOLUTE
    __Vectors                                0x08000000   Data           4  startup_stm32f407xx.o(RESET)
    __Vectors_End                            0x08000188   Data           0  startup_stm32f407xx.o(RESET)
    __main                                   0x08000189   Thumb Code     8  __main.o(!!!main)
    __scatterload                            0x08000191   Thumb Code     0  __scatter.o(!!!scatter)
    __scatterload_rt2                        0x08000191   Thumb Code    44  __scatter.o(!!!scatter)
    __scatterload_rt2_thumb_only             0x08000191   Thumb Code     0  __scatter.o(!!!scatter)
    __scatterload_null                       0x0800019f   Thumb Code     0  __scatter.o(!!!scatter)
    __scatterload_copy                       0x080001c5   Thumb Code    26  __scatter_copy.o(!!handler_copy)
    __scatterload_zeroinit                   0x080001e1   Thumb Code    28  __scatter_zi.o(!!handler_zi)
    _printf_d                                0x080001fd   Thumb Code     0  _printf_d.o(.ARM.Collect$$_printf_percent$$00000009)
    _printf_percent                          0x080001fd   Thumb Code     0  _printf_percent.o(.ARM.Collect$$_printf_percent$$00000000)
    _printf_percent_end                      0x08000203   Thumb Code     0  _printf_percent_end.o(.ARM.Collect$$_printf_percent$$00000017)
    __rt_lib_init                            0x08000207   Thumb Code     0  libinit.o(.ARM.Collect$$libinit$$00000000)
    __rt_lib_init_fp_1                       0x08000209   Thumb Code     0  libinit2.o(.ARM.Collect$$libinit$$00000001)
    __rt_lib_init_heap_2                     0x0800020d   Thumb Code     0  libinit2.o(.ARM.Collect$$libinit$$00000003)
    __rt_lib_init_atexit_1                   0x08000215   Thumb Code     0  libinit2.o(.ARM.Collect$$libinit$$00000019)
    __rt_lib_init_clock_1                    0x08000215   Thumb Code     0  libinit2.o(.ARM.Collect$$libinit$$0000001F)
    __rt_lib_init_fp_trap_1                  0x08000215   Thumb Code     0  libinit2.o(.ARM.Collect$$libinit$$0000001D)
    __rt_lib_init_getenv_1                   0x08000215   Thumb Code     0  libinit2.o(.ARM.Collect$$libinit$$00000021)
    __rt_lib_init_heap_1                     0x08000215   Thumb Code     0  libinit2.o(.ARM.Collect$$libinit$$00000008)
    __rt_lib_init_lc_collate_1               0x08000215   Thumb Code     0  libinit2.o(.ARM.Collect$$libinit$$0000000F)
    __rt_lib_init_lc_ctype_1                 0x08000215   Thumb Code     0  libinit2.o(.ARM.Collect$$libinit$$00000011)
    __rt_lib_init_lc_monetary_1              0x08000215   Thumb Code     0  libinit2.o(.ARM.Collect$$libinit$$00000013)
    __rt_lib_init_lc_numeric_1               0x08000215   Thumb Code     0  libinit2.o(.ARM.Collect$$libinit$$00000015)
    __rt_lib_init_lc_time_1                  0x08000215   Thumb Code     0  libinit2.o(.ARM.Collect$$libinit$$00000017)
    __rt_lib_init_rand_1                     0x08000215   Thumb Code     0  libinit2.o(.ARM.Collect$$libinit$$0000000C)
    __rt_lib_init_signal_1                   0x08000215   Thumb Code     0  libinit2.o(.ARM.Collect$$libinit$$0000001B)
    __rt_lib_init_stdio_2                    0x08000215   Thumb Code     0  libinit2.o(.ARM.Collect$$libinit$$00000022)
    __rt_lib_init_user_alloc_1               0x08000215   Thumb Code     0  libinit2.o(.ARM.Collect$$libinit$$0000000A)
    __rt_lib_init_alloca_1                   0x08000219   Thumb Code     0  libinit2.o(.ARM.Collect$$libinit$$0000002C)
    __rt_lib_init_argv_1                     0x08000219   Thumb Code     0  libinit2.o(.ARM.Collect$$libinit$$0000002A)
    __rt_lib_init_cpp_1                      0x08000219   Thumb Code     0  libinit2.o(.ARM.Collect$$libinit$$00000030)
    __rt_lib_init_exceptions_1               0x08000219   Thumb Code     0  libinit2.o(.ARM.Collect$$libinit$$0000002E)
    __rt_lib_init_return                     0x08000219   Thumb Code     0  libinit2.o(.ARM.Collect$$libinit$$00000031)
    __rt_lib_init_stdio_1                    0x08000219   Thumb Code     0  libinit2.o(.ARM.Collect$$libinit$$00000023)
    __rt_lib_shutdown                        0x0800021b   Thumb Code     0  libshutdown.o(.ARM.Collect$$libshutdown$$00000000)
    __rt_lib_shutdown_stdio_2                0x0800021d   Thumb Code     0  libshutdown2.o(.ARM.Collect$$libshutdown$$00000002)
    __rt_lib_shutdown_fp_trap_1              0x08000221   Thumb Code     0  libshutdown2.o(.ARM.Collect$$libshutdown$$00000006)
    __rt_lib_shutdown_heap_1                 0x08000221   Thumb Code     0  libshutdown2.o(.ARM.Collect$$libshutdown$$0000000E)
    __rt_lib_shutdown_return                 0x08000221   Thumb Code     0  libshutdown2.o(.ARM.Collect$$libshutdown$$0000000F)
    __rt_lib_shutdown_signal_1               0x08000221   Thumb Code     0  libshutdown2.o(.ARM.Collect$$libshutdown$$00000009)
    __rt_lib_shutdown_stdio_1                0x08000221   Thumb Code     0  libshutdown2.o(.ARM.Collect$$libshutdown$$00000003)
    __rt_lib_shutdown_user_alloc_1           0x08000221   Thumb Code     0  libshutdown2.o(.ARM.Collect$$libshutdown$$0000000B)
    __rt_entry                               0x08000223   Thumb Code     0  rtentry.o(.ARM.Collect$$rtentry$$00000000)
    __rt_entry_presh_1                       0x08000223   Thumb Code     0  rtentry2.o(.ARM.Collect$$rtentry$$00000002)
    __rt_entry_sh                            0x08000223   Thumb Code     0  rtentry4.o(.ARM.Collect$$rtentry$$00000004)
    __rt_entry_li                            0x08000229   Thumb Code     0  rtentry2.o(.ARM.Collect$$rtentry$$0000000A)
    __rt_entry_postsh_1                      0x08000229   Thumb Code     0  rtentry2.o(.ARM.Collect$$rtentry$$00000009)
    __rt_entry_main                          0x0800022d   Thumb Code     0  rtentry2.o(.ARM.Collect$$rtentry$$0000000D)
    __rt_entry_postli_1                      0x0800022d   Thumb Code     0  rtentry2.o(.ARM.Collect$$rtentry$$0000000C)
    __rt_exit                                0x08000235   Thumb Code     0  rtexit.o(.ARM.Collect$$rtexit$$00000000)
    __rt_exit_ls                             0x08000237   Thumb Code     0  rtexit2.o(.ARM.Collect$$rtexit$$00000003)
    __rt_exit_prels_1                        0x08000237   Thumb Code     0  rtexit2.o(.ARM.Collect$$rtexit$$00000002)
    __rt_exit_exit                           0x0800023b   Thumb Code     0  rtexit2.o(.ARM.Collect$$rtexit$$00000004)
    HAL_GPIO_Init                            0x08000241   Thumb Code   586  stm32f4xx_hal_gpio.o(.text)
    _maybe_terminate_alloc                   0x08000241   Thumb Code     0  maybetermalloc1.o(.emb_text)
    HAL_GPIO_DeInit                          0x0800048b   Thumb Code   200  stm32f4xx_hal_gpio.o(.text)
    HAL_GPIO_ReadPin                         0x08000553   Thumb Code    16  stm32f4xx_hal_gpio.o(.text)
    HAL_GPIO_WritePin                        0x08000563   Thumb Code    10  stm32f4xx_hal_gpio.o(.text)
    HAL_GPIO_TogglePin                       0x0800056d   Thumb Code     8  stm32f4xx_hal_gpio.o(.text)
    HAL_GPIO_EXTI_Callback                   0x08000575   Thumb Code     2  stm32f4xx_hal_gpio.o(.text)
    HAL_GPIO_EXTI_IRQHandler                 0x08000577   Thumb Code    28  stm32f4xx_hal_gpio.o(.text)
    HAL_SPI_MspInit                          0x080005c9   Thumb Code     2  stm32f4xx_hal_spi.o(.text)
    HAL_SPI_Init                             0x080005cb   Thumb Code   132  stm32f4xx_hal_spi.o(.text)
    HAL_SPI_MspDeInit                        0x0800064f   Thumb Code     2  stm32f4xx_hal_spi.o(.text)
    HAL_SPI_DeInit                           0x08000651   Thumb Code    50  stm32f4xx_hal_spi.o(.text)
    HAL_SPI_Transmit                         0x0800078b   Thumb Code   434  stm32f4xx_hal_spi.o(.text)
    HAL_SPI_TransmitReceive                  0x0800093d   Thumb Code   812  stm32f4xx_hal_spi.o(.text)
    HAL_SPI_Receive                          0x08000c69   Thumb Code   578  stm32f4xx_hal_spi.o(.text)
    HAL_SPI_ErrorCallback                    0x08000eab   Thumb Code     2  stm32f4xx_hal_spi.o(.text)
    HAL_SPI_TxCpltCallback                   0x08000ead   Thumb Code     2  stm32f4xx_hal_spi.o(.text)
    HAL_SPI_TxRxCpltCallback                 0x08000eaf   Thumb Code     2  stm32f4xx_hal_spi.o(.text)
    HAL_SPI_Transmit_IT                      0x08000f9d   Thumb Code   200  stm32f4xx_hal_spi.o(.text)
    HAL_SPI_RxCpltCallback                   0x08001065   Thumb Code     2  stm32f4xx_hal_spi.o(.text)
    HAL_SPI_TransmitReceive_IT               0x08001197   Thumb Code   180  stm32f4xx_hal_spi.o(.text)
    HAL_SPI_Receive_IT                       0x0800129d   Thumb Code   224  stm32f4xx_hal_spi.o(.text)
    HAL_SPI_Transmit_DMA                     0x08001427   Thumb Code   214  stm32f4xx_hal_spi.o(.text)
    HAL_SPI_TransmitReceive_DMA              0x08001687   Thumb Code   282  stm32f4xx_hal_spi.o(.text)
    HAL_SPI_Receive_DMA                      0x080017a1   Thumb Code   270  stm32f4xx_hal_spi.o(.text)
    HAL_SPI_IRQHandler                       0x080018af   Thumb Code   258  stm32f4xx_hal_spi.o(.text)
    HAL_SPI_GetState                         0x080019b1   Thumb Code     8  stm32f4xx_hal_spi.o(.text)
    HAL_SPI_GetError                         0x080019b9   Thumb Code     8  stm32f4xx_hal_spi.o(.text)
    BSP_GetVersion                           0x080019c1   Thumb Code     6  stm32f4_discovery.o(.text)
    BSP_LED_Init                             0x080019c7   Thumb Code   122  stm32f4_discovery.o(.text)
    BSP_LED_On                               0x08001a41   Thumb Code    24  stm32f4_discovery.o(.text)
    BSP_LED_Off                              0x08001a59   Thumb Code    24  stm32f4_discovery.o(.text)
    BSP_LED_Toggle                           0x08001a71   Thumb Code    22  stm32f4_discovery.o(.text)
    BSP_PB_Init                              0x08001a87   Thumb Code   132  stm32f4_discovery.o(.text)
    BSP_PB_GetState                          0x08001b0b   Thumb Code    22  stm32f4_discovery.o(.text)
    SPIx_Init                                0x08001b5f   Thumb Code    72  stm32f4_discovery.o(.text)
    SPIx_WriteRead                           0x08001bb5   Thumb Code    38  stm32f4_discovery.o(.text)
    ACCELERO_IO_Init                         0x08001d03   Thumb Code    58  stm32f4_discovery.o(.text)
    ACCELERO_IO_ITConfig                     0x08001d3d   Thumb Code    60  stm32f4_discovery.o(.text)
    ACCELERO_IO_Write                        0x08001d79   Thumb Code   132  stm32f4_discovery.o(.text)
    ACCELERO_IO_Read                         0x08001dfd   Thumb Code    70  stm32f4_discovery.o(.text)
    AUDIO_IO_Init                            0x08001e43   Thumb Code    80  stm32f4_discovery.o(.text)
    AUDIO_IO_Write                           0x08001e93   Thumb Code    20  stm32f4_discovery.o(.text)
    AUDIO_IO_Read                            0x08001ea7   Thumb Code    16  stm32f4_discovery.o(.text)
    HAL_Init                                 0x08001ec7   Thumb Code    56  stm32f4xx_hal.o(.text)
    HAL_DeInit                               0x08001f01   Thumb Code    64  stm32f4xx_hal.o(.text)
    HAL_IncTick                              0x08001f41   Thumb Code    12  stm32f4xx_hal.o(.text)
    HAL_GetTick                              0x08001f4d   Thumb Code     6  stm32f4xx_hal.o(.text)
    HAL_Delay                                0x08001f53   Thumb Code    22  stm32f4xx_hal.o(.text)
    HAL_GetHalVersion                        0x08001f69   Thumb Code     6  stm32f4xx_hal.o(.text)
    HAL_GetREVID                             0x08001f6f   Thumb Code     8  stm32f4xx_hal.o(.text)
    HAL_GetDEVID                             0x08001f77   Thumb Code    10  stm32f4xx_hal.o(.text)
    HAL_EnableDBGSleepMode                   0x08001f81   Thumb Code    14  stm32f4xx_hal.o(.text)
    HAL_DisableDBGSleepMode                  0x08001f8f   Thumb Code    14  stm32f4xx_hal.o(.text)
    HAL_EnableDBGStopMode                    0x08001f9d   Thumb Code    14  stm32f4xx_hal.o(.text)
    HAL_DisableDBGStopMode                   0x08001fab   Thumb Code    14  stm32f4xx_hal.o(.text)
    HAL_EnableDBGStandbyMode                 0x08001fb9   Thumb Code    14  stm32f4xx_hal.o(.text)
    HAL_DisableDBGStandbyMode                0x08001fc7   Thumb Code    14  stm32f4xx_hal.o(.text)
    HAL_EnableCompensationCell               0x08001fd5   Thumb Code     8  stm32f4xx_hal.o(.text)
    HAL_DisableCompensationCell              0x08001fdd   Thumb Code     8  stm32f4xx_hal.o(.text)
    HAL_NVIC_SetPriorityGrouping             0x08002019   Thumb Code    36  stm32f4xx_hal_cortex.o(.text)
    HAL_NVIC_SetPriority                     0x0800203d   Thumb Code   124  stm32f4xx_hal_cortex.o(.text)
    HAL_NVIC_EnableIRQ                       0x080020b9   Thumb Code    28  stm32f4xx_hal_cortex.o(.text)
    HAL_NVIC_DisableIRQ                      0x080020d5   Thumb Code    22  stm32f4xx_hal_cortex.o(.text)
    HAL_NVIC_SystemReset                     0x080020eb   Thumb Code    38  stm32f4xx_hal_cortex.o(.text)
    HAL_SYSTICK_Config                       0x08002111   Thumb Code    52  stm32f4xx_hal_cortex.o(.text)
    HAL_NVIC_GetPriorityGrouping             0x08002145   Thumb Code     8  stm32f4xx_hal_cortex.o(.text)
    HAL_NVIC_GetPriority                     0x0800214d   Thumb Code   138  stm32f4xx_hal_cortex.o(.text)
    HAL_NVIC_SetPendingIRQ                   0x080021d7   Thumb Code    24  stm32f4xx_hal_cortex.o(.text)
    HAL_NVIC_GetPendingIRQ                   0x080021ef   Thumb Code    38  stm32f4xx_hal_cortex.o(.text)
    HAL_NVIC_ClearPendingIRQ                 0x08002215   Thumb Code    22  stm32f4xx_hal_cortex.o(.text)
    HAL_NVIC_GetActive                       0x0800222b   Thumb Code    38  stm32f4xx_hal_cortex.o(.text)
    HAL_SYSTICK_CLKSourceConfig              0x08002251   Thumb Code    40  stm32f4xx_hal_cortex.o(.text)
    HAL_SYSTICK_Callback                     0x08002279   Thumb Code     2  stm32f4xx_hal_cortex.o(.text)
    HAL_SYSTICK_IRQHandler                   0x0800227b   Thumb Code     8  stm32f4xx_hal_cortex.o(.text)
    HAL_DMA_Init                             0x080022a5   Thumb Code   120  stm32f4xx_hal_dma.o(.text)
    HAL_DMA_DeInit                           0x0800231d   Thumb Code  4108  stm32f4xx_hal_dma.o(.text)
    HAL_DMA_Start                            0x08003349   Thumb Code    82  stm32f4xx_hal_dma.o(.text)
    HAL_DMA_Start_IT                         0x0800339b   Thumb Code   142  stm32f4xx_hal_dma.o(.text)
    HAL_DMA_Abort                            0x08003429   Thumb Code    92  stm32f4xx_hal_dma.o(.text)
    HAL_DMA_PollForTransfer                  0x08003485   Thumb Code  9502  stm32f4xx_hal_dma.o(.text)
    HAL_DMA_IRQHandler                       0x080059a3   Thumb Code  9994  stm32f4xx_hal_dma.o(.text)
    HAL_DMA_GetState                         0x080080ad   Thumb Code     8  stm32f4xx_hal_dma.o(.text)
    HAL_DMA_GetError                         0x080080b5   Thumb Code     6  stm32f4xx_hal_dma.o(.text)
    HAL_I2C_MspInit                          0x080080c5   Thumb Code     2  stm32f4xx_hal_i2c.o(.text)
    HAL_I2C_Init                             0x080080c7   Thumb Code   274  stm32f4xx_hal_i2c.o(.text)
    HAL_I2C_MspDeInit                        0x080081d9   Thumb Code     2  stm32f4xx_hal_i2c.o(.text)
    HAL_I2C_DeInit                           0x080081db   Thumb Code    56  stm32f4xx_hal_i2c.o(.text)
    HAL_I2C_Master_Transmit                  0x0800841d   Thumb Code   290  stm32f4xx_hal_i2c.o(.text)
    HAL_I2C_Master_Receive                   0x08008631   Thumb Code   556  stm32f4xx_hal_i2c.o(.text)
    HAL_I2C_Slave_Transmit                   0x0800885d   Thumb Code   316  stm32f4xx_hal_i2c.o(.text)
    HAL_I2C_Slave_Receive                    0x08008999   Thumb Code   278  stm32f4xx_hal_i2c.o(.text)
    HAL_I2C_Master_Transmit_IT               0x08008aaf   Thumb Code   174  stm32f4xx_hal_i2c.o(.text)
    HAL_I2C_Master_Receive_IT                0x08008b5d   Thumb Code   274  stm32f4xx_hal_i2c.o(.text)
    HAL_I2C_Slave_Transmit_IT                0x08008c6f   Thumb Code   116  stm32f4xx_hal_i2c.o(.text)
    HAL_I2C_Slave_Receive_IT                 0x08008ce3   Thumb Code   126  stm32f4xx_hal_i2c.o(.text)
    HAL_I2C_ErrorCallback                    0x08008d61   Thumb Code     2  stm32f4xx_hal_i2c.o(.text)
    HAL_I2C_MasterTxCpltCallback             0x08008d93   Thumb Code     2  stm32f4xx_hal_i2c.o(.text)
    HAL_I2C_Master_Transmit_DMA              0x08008e07   Thumb Code   200  stm32f4xx_hal_i2c.o(.text)
    HAL_I2C_MasterRxCpltCallback             0x08008ecf   Thumb Code     2  stm32f4xx_hal_i2c.o(.text)
    HAL_I2C_Master_Receive_DMA               0x08008f41   Thumb Code   230  stm32f4xx_hal_i2c.o(.text)
    HAL_I2C_SlaveTxCpltCallback              0x08009027   Thumb Code     2  stm32f4xx_hal_i2c.o(.text)
    HAL_I2C_Slave_Transmit_DMA               0x080090a9   Thumb Code   260  stm32f4xx_hal_i2c.o(.text)
    HAL_I2C_SlaveRxCpltCallback              0x080091ad   Thumb Code     2  stm32f4xx_hal_i2c.o(.text)
    HAL_I2C_Slave_Receive_DMA                0x08009235   Thumb Code   180  stm32f4xx_hal_i2c.o(.text)
    HAL_I2C_Mem_Write                        0x08009393   Thumb Code   270  stm32f4xx_hal_i2c.o(.text)
    HAL_I2C_Mem_Read                         0x080095c5   Thumb Code   546  stm32f4xx_hal_i2c.o(.text)
    HAL_I2C_Mem_Write_IT                     0x080097e7   Thumb Code   172  stm32f4xx_hal_i2c.o(.text)
    HAL_I2C_Mem_Read_IT                      0x08009893   Thumb Code   284  stm32f4xx_hal_i2c.o(.text)
    HAL_I2C_MemTxCpltCallback                0x080099af   Thumb Code     2  stm32f4xx_hal_i2c.o(.text)
    HAL_I2C_Mem_Write_DMA                    0x08009a25   Thumb Code   216  stm32f4xx_hal_i2c.o(.text)
    HAL_I2C_MemRxCpltCallback                0x08009afd   Thumb Code     2  stm32f4xx_hal_i2c.o(.text)
    HAL_I2C_Mem_Read_DMA                     0x08009b6f   Thumb Code   240  stm32f4xx_hal_i2c.o(.text)
    HAL_I2C_IsDeviceReady                    0x08009c5f   Thumb Code   362  stm32f4xx_hal_i2c.o(.text)
    HAL_I2C_EV_IRQHandler                    0x0800a21b   Thumb Code   368  stm32f4xx_hal_i2c.o(.text)
    HAL_I2C_ER_IRQHandler                    0x0800a3f9   Thumb Code   248  stm32f4xx_hal_i2c.o(.text)
    HAL_I2C_GetState                         0x0800a4f1   Thumb Code     8  stm32f4xx_hal_i2c.o(.text)
    HAL_I2C_GetError                         0x0800a4f9   Thumb Code     8  stm32f4xx_hal_i2c.o(.text)
    HAL_MspInit                              0x0800a501   Thumb Code     2  stm32f4xx_hal_msp_template.o(.text)
    HAL_MspDeInit                            0x0800a503   Thumb Code     2  stm32f4xx_hal_msp_template.o(.text)
    HAL_PPP_MspInit                          0x0800a505   Thumb Code     2  stm32f4xx_hal_msp_template.o(.text)
    HAL_PPP_MspDeInit                        0x0800a507   Thumb Code     2  stm32f4xx_hal_msp_template.o(.text)
    HAL_RCC_DeInit                           0x0800a509   Thumb Code    96  stm32f4xx_hal_rcc.o(.text)
    HAL_RCC_OscConfig                        0x0800a569   Thumb Code   968  stm32f4xx_hal_rcc.o(.text)
    HAL_RCC_GetSysClockFreq                  0x0800a931   Thumb Code   184  stm32f4xx_hal_rcc.o(.text)
    HAL_RCC_GetHCLKFreq                      0x0800a9e9   Thumb Code    44  stm32f4xx_hal_rcc.o(.text)
    HAL_RCC_ClockConfig                      0x0800aa15   Thumb Code   624  stm32f4xx_hal_rcc.o(.text)
    HAL_RCC_MCOConfig                        0x0800ac85   Thumb Code   188  stm32f4xx_hal_rcc.o(.text)
    HAL_RCC_EnableCSS                        0x0800ad41   Thumb Code     8  stm32f4xx_hal_rcc.o(.text)
    HAL_RCC_DisableCSS                       0x0800ad49   Thumb Code     8  stm32f4xx_hal_rcc.o(.text)
    HAL_RCC_GetPCLK1Freq                     0x0800ad51   Thumb Code    36  stm32f4xx_hal_rcc.o(.text)
    HAL_RCC_GetPCLK2Freq                     0x0800ad75   Thumb Code    36  stm32f4xx_hal_rcc.o(.text)
    HAL_RCC_GetOscConfig                     0x0800ad99   Thumb Code   296  stm32f4xx_hal_rcc.o(.text)
    HAL_RCC_GetClockConfig                   0x0800aec1   Thumb Code    58  stm32f4xx_hal_rcc.o(.text)
    HAL_RCC_CCSCallback                      0x0800aefb   Thumb Code     2  stm32f4xx_hal_rcc.o(.text)
    HAL_RCC_NMI_IRQHandler                   0x0800aefd   Thumb Code    30  stm32f4xx_hal_rcc.o(.text)
    main                                     0x0800af2d   Thumb Code     8  main.o(.text)
    LD3320_main                              0x0800b4f3   Thumb Code   196  ld3320.o(.text)
    Reset_Handler                            0x0800b741   Thumb Code     8  startup_stm32f407xx.o(.text)
    NMI_Handler                              0x0800b749   Thumb Code     2  startup_stm32f407xx.o(.text)
    HardFault_Handler                        0x0800b74b   Thumb Code     2  startup_stm32f407xx.o(.text)
    MemManage_Handler                        0x0800b74d   Thumb Code     2  startup_stm32f407xx.o(.text)
    BusFault_Handler                         0x0800b74f   Thumb Code     2  startup_stm32f407xx.o(.text)
    UsageFault_Handler                       0x0800b751   Thumb Code     2  startup_stm32f407xx.o(.text)
    SVC_Handler                              0x0800b753   Thumb Code     2  startup_stm32f407xx.o(.text)
    DebugMon_Handler                         0x0800b755   Thumb Code     2  startup_stm32f407xx.o(.text)
    PendSV_Handler                           0x0800b757   Thumb Code     2  startup_stm32f407xx.o(.text)
    SysTick_Handler                          0x0800b759   Thumb Code     2  startup_stm32f407xx.o(.text)
    ADC_IRQHandler                           0x0800b75b   Thumb Code     0  startup_stm32f407xx.o(.text)
    CAN1_RX0_IRQHandler                      0x0800b75b   Thumb Code     0  startup_stm32f407xx.o(.text)
    CAN1_RX1_IRQHandler                      0x0800b75b   Thumb Code     0  startup_stm32f407xx.o(.text)
    CAN1_SCE_IRQHandler                      0x0800b75b   Thumb Code     0  startup_stm32f407xx.o(.text)
    CAN1_TX_IRQHandler                       0x0800b75b   Thumb Code     0  startup_stm32f407xx.o(.text)
    CAN2_RX0_IRQHandler                      0x0800b75b   Thumb Code     0  startup_stm32f407xx.o(.text)
    CAN2_RX1_IRQHandler                      0x0800b75b   Thumb Code     0  startup_stm32f407xx.o(.text)
    CAN2_SCE_IRQHandler                      0x0800b75b   Thumb Code     0  startup_stm32f407xx.o(.text)
    CAN2_TX_IRQHandler                       0x0800b75b   Thumb Code     0  startup_stm32f407xx.o(.text)
    DCMI_IRQHandler                          0x0800b75b   Thumb Code     0  startup_stm32f407xx.o(.text)
    DMA1_Stream0_IRQHandler                  0x0800b75b   Thumb Code     0  startup_stm32f407xx.o(.text)
    DMA1_Stream1_IRQHandler                  0x0800b75b   Thumb Code     0  startup_stm32f407xx.o(.text)
    DMA1_Stream2_IRQHandler                  0x0800b75b   Thumb Code     0  startup_stm32f407xx.o(.text)
    DMA1_Stream3_IRQHandler                  0x0800b75b   Thumb Code     0  startup_stm32f407xx.o(.text)
    DMA1_Stream4_IRQHandler                  0x0800b75b   Thumb Code     0  startup_stm32f407xx.o(.text)
    DMA1_Stream5_IRQHandler                  0x0800b75b   Thumb Code     0  startup_stm32f407xx.o(.text)
    DMA1_Stream6_IRQHandler                  0x0800b75b   Thumb Code     0  startup_stm32f407xx.o(.text)
    DMA1_Stream7_IRQHandler                  0x0800b75b   Thumb Code     0  startup_stm32f407xx.o(.text)
    DMA2_Stream0_IRQHandler                  0x0800b75b   Thumb Code     0  startup_stm32f407xx.o(.text)
    DMA2_Stream1_IRQHandler                  0x0800b75b   Thumb Code     0  startup_stm32f407xx.o(.text)
    DMA2_Stream2_IRQHandler                  0x0800b75b   Thumb Code     0  startup_stm32f407xx.o(.text)
    DMA2_Stream3_IRQHandler                  0x0800b75b   Thumb Code     0  startup_stm32f407xx.o(.text)
    DMA2_Stream4_IRQHandler                  0x0800b75b   Thumb Code     0  startup_stm32f407xx.o(.text)
    DMA2_Stream5_IRQHandler                  0x0800b75b   Thumb Code     0  startup_stm32f407xx.o(.text)
    DMA2_Stream6_IRQHandler                  0x0800b75b   Thumb Code     0  startup_stm32f407xx.o(.text)
    DMA2_Stream7_IRQHandler                  0x0800b75b   Thumb Code     0  startup_stm32f407xx.o(.text)
    ETH_IRQHandler                           0x0800b75b   Thumb Code     0  startup_stm32f407xx.o(.text)
    ETH_WKUP_IRQHandler                      0x0800b75b   Thumb Code     0  startup_stm32f407xx.o(.text)
    EXTI0_IRQHandler                         0x0800b75b   Thumb Code     0  startup_stm32f407xx.o(.text)
    EXTI15_10_IRQHandler                     0x0800b75b   Thumb Code     0  startup_stm32f407xx.o(.text)
    EXTI1_IRQHandler                         0x0800b75b   Thumb Code     0  startup_stm32f407xx.o(.text)
    EXTI2_IRQHandler                         0x0800b75b   Thumb Code     0  startup_stm32f407xx.o(.text)
    EXTI3_IRQHandler                         0x0800b75b   Thumb Code     0  startup_stm32f407xx.o(.text)
    EXTI4_IRQHandler                         0x0800b75b   Thumb Code     0  startup_stm32f407xx.o(.text)
    EXTI9_5_IRQHandler                       0x0800b75b   Thumb Code     0  startup_stm32f407xx.o(.text)
    FLASH_IRQHandler                         0x0800b75b   Thumb Code     0  startup_stm32f407xx.o(.text)
    FMC_IRQHandler                           0x0800b75b   Thumb Code     0  startup_stm32f407xx.o(.text)
    FPU_IRQHandler                           0x0800b75b   Thumb Code     0  startup_stm32f407xx.o(.text)
    HASH_RNG_IRQHandler                      0x0800b75b   Thumb Code     0  startup_stm32f407xx.o(.text)
    I2C1_ER_IRQHandler                       0x0800b75b   Thumb Code     0  startup_stm32f407xx.o(.text)
    I2C1_EV_IRQHandler                       0x0800b75b   Thumb Code     0  startup_stm32f407xx.o(.text)
    I2C2_ER_IRQHandler                       0x0800b75b   Thumb Code     0  startup_stm32f407xx.o(.text)
    I2C2_EV_IRQHandler                       0x0800b75b   Thumb Code     0  startup_stm32f407xx.o(.text)
    I2C3_ER_IRQHandler                       0x0800b75b   Thumb Code     0  startup_stm32f407xx.o(.text)
    I2C3_EV_IRQHandler                       0x0800b75b   Thumb Code     0  startup_stm32f407xx.o(.text)
    OTG_FS_IRQHandler                        0x0800b75b   Thumb Code     0  startup_stm32f407xx.o(.text)
    OTG_FS_WKUP_IRQHandler                   0x0800b75b   Thumb Code     0  startup_stm32f407xx.o(.text)
    OTG_HS_EP1_IN_IRQHandler                 0x0800b75b   Thumb Code     0  startup_stm32f407xx.o(.text)
    OTG_HS_EP1_OUT_IRQHandler                0x0800b75b   Thumb Code     0  startup_stm32f407xx.o(.text)
    OTG_HS_IRQHandler                        0x0800b75b   Thumb Code     0  startup_stm32f407xx.o(.text)
    OTG_HS_WKUP_IRQHandler                   0x0800b75b   Thumb Code     0  startup_stm32f407xx.o(.text)
    PVD_IRQHandler                           0x0800b75b   Thumb Code     0  startup_stm32f407xx.o(.text)
    RCC_IRQHandler                           0x0800b75b   Thumb Code     0  startup_stm32f407xx.o(.text)
    RTC_Alarm_IRQHandler                     0x0800b75b   Thumb Code     0  startup_stm32f407xx.o(.text)
    RTC_WKUP_IRQHandler                      0x0800b75b   Thumb Code     0  startup_stm32f407xx.o(.text)
    SDIO_IRQHandler                          0x0800b75b   Thumb Code     0  startup_stm32f407xx.o(.text)
    SPI1_IRQHandler                          0x0800b75b   Thumb Code     0  startup_stm32f407xx.o(.text)
    SPI2_IRQHandler                          0x0800b75b   Thumb Code     0  startup_stm32f407xx.o(.text)
    SPI3_IRQHandler                          0x0800b75b   Thumb Code     0  startup_stm32f407xx.o(.text)
    TAMP_STAMP_IRQHandler                    0x0800b75b   Thumb Code     0  startup_stm32f407xx.o(.text)
    TIM1_BRK_TIM9_IRQHandler                 0x0800b75b   Thumb Code     0  startup_stm32f407xx.o(.text)
    TIM1_CC_IRQHandler                       0x0800b75b   Thumb Code     0  startup_stm32f407xx.o(.text)
    TIM1_TRG_COM_TIM11_IRQHandler            0x0800b75b   Thumb Code     0  startup_stm32f407xx.o(.text)
    TIM1_UP_TIM10_IRQHandler                 0x0800b75b   Thumb Code     0  startup_stm32f407xx.o(.text)
    TIM2_IRQHandler                          0x0800b75b   Thumb Code     0  startup_stm32f407xx.o(.text)
    TIM3_IRQHandler                          0x0800b75b   Thumb Code     0  startup_stm32f407xx.o(.text)
    TIM4_IRQHandler                          0x0800b75b   Thumb Code     0  startup_stm32f407xx.o(.text)
    TIM5_IRQHandler                          0x0800b75b   Thumb Code     0  startup_stm32f407xx.o(.text)
    TIM6_DAC_IRQHandler                      0x0800b75b   Thumb Code     0  startup_stm32f407xx.o(.text)
    TIM7_IRQHandler                          0x0800b75b   Thumb Code     0  startup_stm32f407xx.o(.text)
    TIM8_BRK_TIM12_IRQHandler                0x0800b75b   Thumb Code     0  startup_stm32f407xx.o(.text)
    TIM8_CC_IRQHandler                       0x0800b75b   Thumb Code     0  startup_stm32f407xx.o(.text)
    TIM8_TRG_COM_TIM14_IRQHandler            0x0800b75b   Thumb Code     0  startup_stm32f407xx.o(.text)
    TIM8_UP_TIM13_IRQHandler                 0x0800b75b   Thumb Code     0  startup_stm32f407xx.o(.text)
    UART4_IRQHandler                         0x0800b75b   Thumb Code     0  startup_stm32f407xx.o(.text)
    UART5_IRQHandler                         0x0800b75b   Thumb Code     0  startup_stm32f407xx.o(.text)
    USART1_IRQHandler                        0x0800b75b   Thumb Code     0  startup_stm32f407xx.o(.text)
    USART2_IRQHandler                        0x0800b75b   Thumb Code     0  startup_stm32f407xx.o(.text)
    USART3_IRQHandler                        0x0800b75b   Thumb Code     0  startup_stm32f407xx.o(.text)
    USART6_IRQHandler                        0x0800b75b   Thumb Code     0  startup_stm32f407xx.o(.text)
    WWDG_IRQHandler                          0x0800b75b   Thumb Code     0  startup_stm32f407xx.o(.text)
    __user_initial_stackheap                 0x0800b75d   Thumb Code     0  startup_stm32f407xx.o(.text)
    SystemInit                               0x0800b781   Thumb Code    82  system_stm32f4xx.o(.text)
    SystemCoreClockUpdate                    0x0800b7d3   Thumb Code   174  system_stm32f4xx.o(.text)
    __2printf                                0x0800b8a1   Thumb Code    20  noretval__2printf.o(.text)
    __printf                                 0x0800b8b9   Thumb Code   104  __printf.o(.text)
    _printf_int_dec                          0x0800b921   Thumb Code   102  _printf_dec.o(.text)
    __aeabi_memcpy4                          0x0800b999   Thumb Code     0  rt_memcpy_w.o(.text)
    __aeabi_memcpy8                          0x0800b999   Thumb Code     0  rt_memcpy_w.o(.text)
    __rt_memcpy_w                            0x0800b999   Thumb Code   100  rt_memcpy_w.o(.text)
    _memcpy_lastbytes_aligned                0x0800b9e1   Thumb Code     0  rt_memcpy_w.o(.text)
    __aeabi_memclr4                          0x0800b9fd   Thumb Code     0  rt_memclr_w.o(.text)
    __aeabi_memclr8                          0x0800b9fd   Thumb Code     0  rt_memclr_w.o(.text)
    __rt_memclr_w                            0x0800b9fd   Thumb Code    78  rt_memclr_w.o(.text)
    _memset_w                                0x0800ba01   Thumb Code     0  rt_memclr_w.o(.text)
    __use_two_region_memory                  0x0800ba4b   Thumb Code     2  heapauxi.o(.text)
    __rt_heap_escrow                         0x0800ba4d   Thumb Code     2  heapauxi.o(.text)
    __rt_heap_expand                         0x0800ba4f   Thumb Code     2  heapauxi.o(.text)
    _printf_int_common                       0x0800ba51   Thumb Code   184  _printf_intcommon.o(.text)
    _printf_char_file                        0x0800bb09   Thumb Code    32  _printf_char_file.o(.text)
    _printf_char_common                      0x0800bb37   Thumb Code    32  _printf_char_common.o(.text)
    ferror                                   0x0800bb5d   Thumb Code     8  ferror.o(.text)
    _initio                                  0x0800bb65   Thumb Code   210  initio.o(.text)
    _terminateio                             0x0800bc37   Thumb Code    56  initio.o(.text)
    _sys_open                                0x0800bc9d   Thumb Code    20  sys_io.o(.text)
    _sys_close                               0x0800bcb1   Thumb Code    12  sys_io.o(.text)
    _sys_write                               0x0800bcbd   Thumb Code    16  sys_io.o(.text)
    _sys_read                                0x0800bccd   Thumb Code    14  sys_io.o(.text)
    _sys_istty                               0x0800bcdb   Thumb Code    12  sys_io.o(.text)
    _sys_seek                                0x0800bce7   Thumb Code    14  sys_io.o(.text)
    _sys_ensure                              0x0800bcf5   Thumb Code     2  sys_io.o(.text)
    _sys_flen                                0x0800bcf7   Thumb Code    12  sys_io.o(.text)
    __user_setup_stackheap                   0x0800bd03   Thumb Code    74  sys_stackheap_outer.o(.text)
    free                                     0x0800bd4d   Thumb Code    78  h1_free.o(.text)
    __flsbuf                                 0x0800bd9b   Thumb Code   478  flsbuf.o(.text)
    __flsbuf_byte                            0x0800bd9b   Thumb Code     0  flsbuf.o(.text)
    __flsbuf_wide                            0x0800bd9b   Thumb Code     0  flsbuf.o(.text)
    setvbuf                                  0x0800bf79   Thumb Code    70  setvbuf.o(.text)
    freopen                                  0x0800bfc1   Thumb Code   158  fopen.o(.text)
    fopen                                    0x0800c05f   Thumb Code    74  fopen.o(.text)
    _fclose_internal                         0x0800c0ad   Thumb Code    76  fclose.o(.text)
    fclose                                   0x0800c0ad   Thumb Code     0  fclose.o(.text)
    exit                                     0x0800c0f9   Thumb Code    12  exit.o(.text)
    __rt_SIGRTRED                            0x0800c105   Thumb Code    14  defsig_rtred_outer.o(.text)
    __user_libspace                          0x0800c115   Thumb Code     8  libspace.o(.text)
    __user_perproc_libspace                  0x0800c115   Thumb Code     0  libspace.o(.text)
    __user_perthread_libspace                0x0800c115   Thumb Code     0  libspace.o(.text)
    __I$use$semihosting                      0x0800c11d   Thumb Code     0  use_no_semi.o(.text)
    __use_no_semihosting_swi                 0x0800c11d   Thumb Code     2  use_no_semi.o(.text)
    __semihosting_library_function           0x0800c11f   Thumb Code     0  indicate_semi.o(.text)
    __rt_heap_descriptor                     0x0800c121   Thumb Code     8  rt_heap_descriptor_intlibspace.o(.text)
    __use_no_heap                            0x0800c129   Thumb Code     2  hguard.o(.text)
    __heap$guard                             0x0800c12b   Thumb Code     2  hguard.o(.text)
    _terminate_user_alloc                    0x0800c12d   Thumb Code     2  init_alloc.o(.text)
    _init_user_alloc                         0x0800c12f   Thumb Code     2  init_alloc.o(.text)
    __Heap_Full                              0x0800c131   Thumb Code    34  init_alloc.o(.text)
    __Heap_Broken                            0x0800c153   Thumb Code     6  init_alloc.o(.text)
    _init_alloc                              0x0800c159   Thumb Code    94  init_alloc.o(.text)
    malloc                                   0x0800c1b7   Thumb Code    94  h1_alloc.o(.text)
    _fseek                                   0x0800c215   Thumb Code   242  fseek.o(.text)
    fseek                                    0x0800c215   Thumb Code     0  fseek.o(.text)
    _seterr                                  0x0800c30d   Thumb Code    20  stdio.o(.text)
    _writebuf                                0x0800c321   Thumb Code    84  stdio.o(.text)
    _fflush                                  0x0800c375   Thumb Code    70  stdio.o(.text)
    _deferredlazyseek                        0x0800c3bb   Thumb Code    60  stdio.o(.text)
    __sig_exit                               0x0800c3fd   Thumb Code    10  defsig_exit.o(.text)
    __rt_SIGRTRED_inner                      0x0800c409   Thumb Code    14  defsig_rtred_inner.o(.text)
    strlen                                   0x0800c43d   Thumb Code    62  strlen.o(.text)
    _sys_exit                                0x0800c47d   Thumb Code     8  sys_exit.o(.text)
    __Heap_Initialize                        0x0800c489   Thumb Code    10  h1_init.o(.text)
    __Heap_DescSize                          0x0800c493   Thumb Code     4  h1_init.o(.text)
    __Heap_ProvideMemory                     0x0800c497   Thumb Code    52  h1_extend.o(.text)
    _ftell_internal                          0x0800c4cb   Thumb Code    70  ftell.o(.text)
    ftell                                    0x0800c4cb   Thumb Code     0  ftell.o(.text)
    __default_signal_display                 0x0800c511   Thumb Code    50  defsig_general.o(.text)
    __rt_SIGRTMEM                            0x0800c543   Thumb Code    14  defsig_rtmem_outer.o(.text)
    _ttywrch                                 0x0800c551   Thumb Code    14  sys_wrch.o(.text)
    __aeabi_errno_addr                       0x0800c561   Thumb Code     8  rt_errno_addr_intlibspace.o(.text)
    __errno$intlibspace                      0x0800c561   Thumb Code     0  rt_errno_addr_intlibspace.o(.text)
    __rt_errno_addr$intlibspace              0x0800c561   Thumb Code     0  rt_errno_addr_intlibspace.o(.text)
    __rt_SIGRTMEM_inner                      0x0800c569   Thumb Code    22  defsig_rtmem_inner.o(.text)
    fputc                                    0x0800c5b9   Thumb Code    26  fputc.o(i.fputc)
    _fp_init                                 0x0800c5d3   Thumb Code    10  fpinit.o(x$fpl$fpinit)
    __fplib_config_fpu_vfp                   0x0800c5db   Thumb Code     0  fpinit.o(x$fpl$fpinit)
    __fplib_config_pureend_doubles           0x0800c5db   Thumb Code     0  fpinit.o(x$fpl$fpinit)
    GPIO_PIN                                 0x0800c5dc   Data           8  stm32f4_discovery.o(.constdata)
    BUTTON_PIN                               0x0800c5e4   Data           2  stm32f4_discovery.o(.constdata)
    BUTTON_IRQn                              0x0800c5e6   Data           1  stm32f4_discovery.o(.constdata)
    APBAHBPrescTable                         0x0800c5e7   Data          16  stm32f4xx_hal_rcc.o(.constdata)
    __stdin_name                             0x0800c65c   Data           4  sys_io.o(.constdata)
    __stdout_name                            0x0800c660   Data           4  sys_io.o(.constdata)
    __stderr_name                            0x0800c664   Data           4  sys_io.o(.constdata)
    Region$$Table$$Base                      0x0800c668   Number         0  anon$$obj.o(Region$$Table)
    Region$$Table$$Limit                     0x0800c688   Number         0  anon$$obj.o(Region$$Table)
    GPIO_PORT                                0x20000000   Data          16  stm32f4_discovery.o(.data)
    BUTTON_PORT                              0x20000010   Data           4  stm32f4_discovery.o(.data)
    I2cxTimeout                              0x20000014   Data           4  stm32f4_discovery.o(.data)
    SpixTimeout                              0x20000018   Data           4  stm32f4_discovery.o(.data)
    nAsrStatus                               0x20000020   Data           1  ld3320.o(.data)
    nLD_Mode                                 0x20000021   Data           1  ld3320.o(.data)
    ucRegVal                                 0x20000022   Data           1  ld3320.o(.data)
    SystemCoreClock                          0x20000024   Data           4  system_stm32f4xx.o(.data)
    AHBPrescTable                            0x20000028   Data          16  system_stm32f4xx.o(.data)
    __aeabi_stdin                            0x20000038   Data           4  stdio_streams.o(.data)
    __aeabi_stdout                           0x2000003c   Data           4  stdio_streams.o(.data)
    __aeabi_stderr                           0x20000040   Data           4  stdio_streams.o(.data)
    __stdin                                  0x200000d0   Data          84  stdio_streams.o(.bss)
    __stdout                                 0x20000124   Data          84  stdio_streams.o(.bss)
    __stderr                                 0x20000178   Data          84  stdio_streams.o(.bss)
    __libspace_start                         0x200001cc   Data          96  libspace.o(.bss)
    __temporary_stack_top$libspace           0x2000022c   Data           0  libspace.o(.bss)



==============================================================================

Memory Map of the image

  Image Entry point : 0x08000189

  Load Region LR_IROM1 (Base: 0x08000000, Size: 0x0000c6cc, Max: 0x00100000, ABSOLUTE)

    Execution Region ER_IROM1 (Base: 0x08000000, Size: 0x0000c688, Max: 0x00100000, ABSOLUTE)

    Base Addr    Size         Type   Attr      Idx    E Section Name        Object

    0x08000000   0x00000188   Data   RO         1334    RESET               startup_stm32f407xx.o
    0x08000188   0x00000008   Code   RO         1405  * !!!main             c_w.l(__main.o)
    0x08000190   0x00000034   Code   RO         1759    !!!scatter          c_w.l(__scatter.o)
    0x080001c4   0x0000001a   Code   RO         1761    !!handler_copy      c_w.l(__scatter_copy.o)
    0x080001de   0x00000002   PAD
    0x080001e0   0x0000001c   Code   RO         1763    !!handler_zi        c_w.l(__scatter_zi.o)
    0x080001fc   0x00000000   Code   RO         1398    .ARM.Collect$$_printf_percent$$00000000  c_w.l(_printf_percent.o)
    0x080001fc   0x00000006   Code   RO         1397    .ARM.Collect$$_printf_percent$$00000009  c_w.l(_printf_d.o)
    0x08000202   0x00000004   Code   RO         1416    .ARM.Collect$$_printf_percent$$00000017  c_w.l(_printf_percent_end.o)
    0x08000206   0x00000002   Code   RO         1551    .ARM.Collect$$libinit$$00000000  c_w.l(libinit.o)
    0x08000208   0x00000004   Code   RO         1552    .ARM.Collect$$libinit$$00000001  c_w.l(libinit2.o)
    0x0800020c   0x00000008   Code   RO         1554    .ARM.Collect$$libinit$$00000003  c_w.l(libinit2.o)
    0x08000214   0x00000000   Code   RO         1556    .ARM.Collect$$libinit$$00000008  c_w.l(libinit2.o)
    0x08000214   0x00000000   Code   RO         1558    .ARM.Collect$$libinit$$0000000A  c_w.l(libinit2.o)
    0x08000214   0x00000000   Code   RO         1560    .ARM.Collect$$libinit$$0000000C  c_w.l(libinit2.o)
    0x08000214   0x00000000   Code   RO         1563    .ARM.Collect$$libinit$$0000000F  c_w.l(libinit2.o)
    0x08000214   0x00000000   Code   RO         1565    .ARM.Collect$$libinit$$00000011  c_w.l(libinit2.o)
    0x08000214   0x00000000   Code   RO         1567    .ARM.Collect$$libinit$$00000013  c_w.l(libinit2.o)
    0x08000214   0x00000000   Code   RO         1569    .ARM.Collect$$libinit$$00000015  c_w.l(libinit2.o)
    0x08000214   0x00000000   Code   RO         1571    .ARM.Collect$$libinit$$00000017  c_w.l(libinit2.o)
    0x08000214   0x00000000   Code   RO         1573    .ARM.Collect$$libinit$$00000019  c_w.l(libinit2.o)
    0x08000214   0x00000000   Code   RO         1575    .ARM.Collect$$libinit$$0000001B  c_w.l(libinit2.o)
    0x08000214   0x00000000   Code   RO         1577    .ARM.Collect$$libinit$$0000001D  c_w.l(libinit2.o)
    0x08000214   0x00000000   Code   RO         1579    .ARM.Collect$$libinit$$0000001F  c_w.l(libinit2.o)
    0x08000214   0x00000000   Code   RO         1581    .ARM.Collect$$libinit$$00000021  c_w.l(libinit2.o)
    0x08000214   0x00000004   Code   RO         1582    .ARM.Collect$$libinit$$00000022  c_w.l(libinit2.o)
    0x08000218   0x00000000   Code   RO         1583    .ARM.Collect$$libinit$$00000023  c_w.l(libinit2.o)
    0x08000218   0x00000000   Code   RO         1587    .ARM.Collect$$libinit$$0000002A  c_w.l(libinit2.o)
    0x08000218   0x00000000   Code   RO         1589    .ARM.Collect$$libinit$$0000002C  c_w.l(libinit2.o)
    0x08000218   0x00000000   Code   RO         1591    .ARM.Collect$$libinit$$0000002E  c_w.l(libinit2.o)
    0x08000218   0x00000000   Code   RO         1593    .ARM.Collect$$libinit$$00000030  c_w.l(libinit2.o)
    0x08000218   0x00000002   Code   RO         1594    .ARM.Collect$$libinit$$00000031  c_w.l(libinit2.o)
    0x0800021a   0x00000002   Code   RO         1740    .ARM.Collect$$libshutdown$$00000000  c_w.l(libshutdown.o)
    0x0800021c   0x00000004   Code   RO         1596    .ARM.Collect$$libshutdown$$00000002  c_w.l(libshutdown2.o)
    0x08000220   0x00000000   Code   RO         1597    .ARM.Collect$$libshutdown$$00000003  c_w.l(libshutdown2.o)
    0x08000220   0x00000000   Code   RO         1600    .ARM.Collect$$libshutdown$$00000006  c_w.l(libshutdown2.o)
    0x08000220   0x00000000   Code   RO         1603    .ARM.Collect$$libshutdown$$00000009  c_w.l(libshutdown2.o)
    0x08000220   0x00000000   Code   RO         1605    .ARM.Collect$$libshutdown$$0000000B  c_w.l(libshutdown2.o)
    0x08000220   0x00000000   Code   RO         1608    .ARM.Collect$$libshutdown$$0000000E  c_w.l(libshutdown2.o)
    0x08000220   0x00000002   Code   RO         1609    .ARM.Collect$$libshutdown$$0000000F  c_w.l(libshutdown2.o)
    0x08000222   0x00000000   Code   RO         1407    .ARM.Collect$$rtentry$$00000000  c_w.l(rtentry.o)
    0x08000222   0x00000000   Code   RO         1424    .ARM.Collect$$rtentry$$00000002  c_w.l(rtentry2.o)
    0x08000222   0x00000006   Code   RO         1436    .ARM.Collect$$rtentry$$00000004  c_w.l(rtentry4.o)
    0x08000228   0x00000000   Code   RO         1426    .ARM.Collect$$rtentry$$00000009  c_w.l(rtentry2.o)
    0x08000228   0x00000004   Code   RO         1427    .ARM.Collect$$rtentry$$0000000A  c_w.l(rtentry2.o)
    0x0800022c   0x00000000   Code   RO         1429    .ARM.Collect$$rtentry$$0000000C  c_w.l(rtentry2.o)
    0x0800022c   0x00000008   Code   RO         1430    .ARM.Collect$$rtentry$$0000000D  c_w.l(rtentry2.o)
    0x08000234   0x00000002   Code   RO         1618    .ARM.Collect$$rtexit$$00000000  c_w.l(rtexit.o)
    0x08000236   0x00000000   Code   RO         1676    .ARM.Collect$$rtexit$$00000002  c_w.l(rtexit2.o)
    0x08000236   0x00000004   Code   RO         1677    .ARM.Collect$$rtexit$$00000003  c_w.l(rtexit2.o)
    0x0800023a   0x00000006   Code   RO         1678    .ARM.Collect$$rtexit$$00000004  c_w.l(rtexit2.o)
    0x08000240   0x00000000   Code   RO         1682    .emb_text           c_w.l(maybetermalloc1.o)
    0x08000240   0x00000388   Code   RO            3    .text               stm32f4xx_hal_gpio.o
    0x080005c8   0x000013f8   Code   RO          214    .text               stm32f4xx_hal_spi.o
    0x080019c0   0x00000504   Code   RO          294    .text               stm32f4_discovery.o
    0x08001ec4   0x00000134   Code   RO          322    .text               stm32f4xx_hal.o
    0x08001ff8   0x000002ac   Code   RO          404    .text               stm32f4xx_hal_cortex.o
    0x080022a4   0x00005e20   Code   RO          536    .text               stm32f4xx_hal_dma.o
    0x080080c4   0x0000243c   Code   RO          702    .text               stm32f4xx_hal_i2c.o
    0x0800a500   0x00000008   Code   RO          830    .text               stm32f4xx_hal_msp_template.o
    0x0800a508   0x00000a24   Code   RO          970    .text               stm32f4xx_hal_rcc.o
    0x0800af2c   0x00000008   Code   RO         1280    .text               main.o
    0x0800af34   0x0000080c   Code   RO         1310    .text               ld3320.o
    0x0800b740   0x00000040   Code   RO         1335    .text               startup_stm32f407xx.o
    0x0800b780   0x00000120   Code   RO         1341    .text               system_stm32f4xx.o
    0x0800b8a0   0x00000018   Code   RO         1371    .text               c_w.l(noretval__2printf.o)
    0x0800b8b8   0x00000068   Code   RO         1373    .text               c_w.l(__printf.o)
    0x0800b920   0x00000078   Code   RO         1375    .text               c_w.l(_printf_dec.o)
    0x0800b998   0x00000064   Code   RO         1399    .text               c_w.l(rt_memcpy_w.o)
    0x0800b9fc   0x0000004e   Code   RO         1401    .text               c_w.l(rt_memclr_w.o)
    0x0800ba4a   0x00000006   Code   RO         1403    .text               c_w.l(heapauxi.o)
    0x0800ba50   0x000000b8   Code   RO         1412    .text               c_w.l(_printf_intcommon.o)
    0x0800bb08   0x00000024   Code   RO         1414    .text               c_w.l(_printf_char_file.o)
    0x0800bb2c   0x00000030   Code   RO         1440    .text               c_w.l(_printf_char_common.o)
    0x0800bb5c   0x00000008   Code   RO         1442    .text               c_w.l(ferror.o)
    0x0800bb64   0x00000138   Code   RO         1448    .text               c_w.l(initio.o)
    0x0800bc9c   0x00000066   Code   RO         1456    .text               c_w.l(sys_io.o)
    0x0800bd02   0x0000004a   Code   RO         1463    .text               c_w.l(sys_stackheap_outer.o)
    0x0800bd4c   0x0000004e   Code   RO         1467    .text               c_w.l(h1_free.o)
    0x0800bd9a   0x000001de   Code   RO         1523    .text               c_w.l(flsbuf.o)
    0x0800bf78   0x00000046   Code   RO         1525    .text               c_w.l(setvbuf.o)
    0x0800bfbe   0x00000002   PAD
    0x0800bfc0   0x000000ec   Code   RO         1528    .text               c_w.l(fopen.o)
    0x0800c0ac   0x0000004c   Code   RO         1530    .text               c_w.l(fclose.o)
    0x0800c0f8   0x0000000c   Code   RO         1536    .text               c_w.l(exit.o)
    0x0800c104   0x0000000e   Code   RO         1542    .text               c_w.l(defsig_rtred_outer.o)
    0x0800c112   0x00000002   PAD
    0x0800c114   0x00000008   Code   RO         1612    .text               c_w.l(libspace.o)
    0x0800c11c   0x00000002   Code   RO         1615    .text               c_w.l(use_no_semi.o)
    0x0800c11e   0x00000000   Code   RO         1617    .text               c_w.l(indicate_semi.o)
    0x0800c11e   0x00000002   PAD
    0x0800c120   0x00000008   Code   RO         1625    .text               c_w.l(rt_heap_descriptor_intlibspace.o)
    0x0800c128   0x00000004   Code   RO         1627    .text               c_w.l(hguard.o)
    0x0800c12c   0x0000008a   Code   RO         1629    .text               c_w.l(init_alloc.o)
    0x0800c1b6   0x0000005e   Code   RO         1635    .text               c_w.l(h1_alloc.o)
    0x0800c214   0x000000f8   Code   RO         1651    .text               c_w.l(fseek.o)
    0x0800c30c   0x000000f0   Code   RO         1653    .text               c_w.l(stdio.o)
    0x0800c3fc   0x0000000a   Code   RO         1659    .text               c_w.l(defsig_exit.o)
    0x0800c406   0x00000002   PAD
    0x0800c408   0x00000034   Code   RO         1663    .text               c_w.l(defsig_rtred_inner.o)
    0x0800c43c   0x0000003e   Code   RO         1667    .text               c_w.l(strlen.o)
    0x0800c47a   0x00000002   PAD
    0x0800c47c   0x0000000c   Code   RO         1673    .text               c_w.l(sys_exit.o)
    0x0800c488   0x0000000e   Code   RO         1684    .text               c_w.l(h1_init.o)
    0x0800c496   0x00000034   Code   RO         1686    .text               c_w.l(h1_extend.o)
    0x0800c4ca   0x00000046   Code   RO         1696    .text               c_w.l(ftell.o)
    0x0800c510   0x00000032   Code   RO         1704    .text               c_w.l(defsig_general.o)
    0x0800c542   0x0000000e   Code   RO         1706    .text               c_w.l(defsig_rtmem_outer.o)
    0x0800c550   0x0000000e   Code   RO         1721    .text               c_w.l(sys_wrch.o)
    0x0800c55e   0x00000002   PAD
    0x0800c560   0x00000008   Code   RO         1728    .text               c_w.l(rt_errno_addr_intlibspace.o)
    0x0800c568   0x00000050   Code   RO         1734    .text               c_w.l(defsig_rtmem_inner.o)
    0x0800c5b8   0x0000001a   Code   RO         1445    i.fputc             c_w.l(fputc.o)
    0x0800c5d2   0x0000000a   Code   RO         1671    x$fpl$fpinit        fz_wm.l(fpinit.o)
    0x0800c5dc   0x0000000b   Data   RO          296    .constdata          stm32f4_discovery.o
    0x0800c5e7   0x00000010   Data   RO          971    .constdata          stm32f4xx_hal_rcc.o
    0x0800c5f7   0x00000001   PAD
    0x0800c5f8   0x00000064   Data   RO         1311    .constdata          ld3320.o
    0x0800c65c   0x00000004   Data   RO         1457    .constdata          c_w.l(sys_io.o)
    0x0800c660   0x00000004   Data   RO         1458    .constdata          c_w.l(sys_io.o)
    0x0800c664   0x00000004   Data   RO         1459    .constdata          c_w.l(sys_io.o)
    0x0800c668   0x00000020   Data   RO         1757    Region$$Table       anon$$obj.o


    Execution Region RW_IRAM1 (Base: 0x20000000, Size: 0x00000830, Max: 0x00020000, ABSOLUTE)

    Base Addr    Size         Type   Attr      Idx    E Section Name        Object

    0x20000000   0x0000001c   Data   RW          297    .data               stm32f4_discovery.o
    0x2000001c   0x00000004   Data   RW          323    .data               stm32f4xx_hal.o
    0x20000020   0x00000003   Data   RW         1312    .data               ld3320.o
    0x20000023   0x00000001   PAD
    0x20000024   0x00000014   Data   RW         1342    .data               system_stm32f4xx.o
    0x20000038   0x00000004   Data   RW         1420    .data               c_w.l(stdio_streams.o)
    0x2000003c   0x00000004   Data   RW         1421    .data               c_w.l(stdio_streams.o)
    0x20000040   0x00000004   Data   RW         1422    .data               c_w.l(stdio_streams.o)
    0x20000044   0x0000008c   Zero   RW          295    .bss                stm32f4_discovery.o
    0x200000d0   0x00000054   Zero   RW         1417    .bss                c_w.l(stdio_streams.o)
    0x20000124   0x00000054   Zero   RW         1418    .bss                c_w.l(stdio_streams.o)
    0x20000178   0x00000054   Zero   RW         1419    .bss                c_w.l(stdio_streams.o)
    0x200001cc   0x00000060   Zero   RW         1613    .bss                c_w.l(libspace.o)
    0x2000022c   0x00000004   PAD
    0x20000230   0x00000200   Zero   RW         1333    HEAP                startup_stm32f407xx.o
    0x20000430   0x00000400   Zero   RW         1332    STACK               startup_stm32f407xx.o


==============================================================================

Image component sizes


      Code (inc. data)   RO Data    RW Data    ZI Data      Debug   Object Name

      2060        258        100          3          0       5201   ld3320.o
         8          0          0          0          0        439   main.o
        64         26        392          0       1536        912   startup_stm32f407xx.o
      1284         84         11         28        140      10249   stm32f4_discovery.o
       308         20          0          4          0       4188   stm32f4xx_hal.o
       684         22          0          0          0      31670   stm32f4xx_hal_cortex.o
     24096        276          0          0          0      16536   stm32f4xx_hal_dma.o
       904         54          0          0          0     306942   stm32f4xx_hal_gpio.o
      9276        106          0          0          0      21783   stm32f4xx_hal_i2c.o
         8          0          0          0          0        806   stm32f4xx_hal_msp_template.o
      2596         86         16          0          0      32217   stm32f4xx_hal_rcc.o
      5112         28          0          0          0      10774   stm32f4xx_hal_spi.o
       288         32          0         20          0       1695   system_stm32f4xx.o

    ----------------------------------------------------------------------
     46688        992        552         56       1676     443412   Object Totals
         0          0         32          0          0          0   (incl. Generated)
         0          0          1          1          0          0   (incl. Padding)

    ----------------------------------------------------------------------

      Code (inc. data)   RO Data    RW Data    ZI Data      Debug   Library Member Name

         8          0          0          0          0         68   __main.o
       104          0          0          0          0         84   __printf.o
        52          8          0          0          0          0   __scatter.o
        26          0          0          0          0          0   __scatter_copy.o
        28          0          0          0          0          0   __scatter_zi.o
        48          6          0          0          0         96   _printf_char_common.o
        36          4          0          0          0         80   _printf_char_file.o
         6          0          0          0          0          0   _printf_d.o
       120         18          0          0          0         92   _printf_dec.o
       184          0          0          0          0         88   _printf_intcommon.o
         0          0          0          0          0          0   _printf_percent.o
         4          0          0          0          0          0   _printf_percent_end.o
        10          0          0          0          0         68   defsig_exit.o
        50          0          0          0          0         88   defsig_general.o
        80         58          0          0          0         76   defsig_rtmem_inner.o
        14          0          0          0          0         80   defsig_rtmem_outer.o
        52         38          0          0          0         76   defsig_rtred_inner.o
        14          0          0          0          0         80   defsig_rtred_outer.o
        12          0          0          0          0         72   exit.o
        76          0          0          0          0         88   fclose.o
         8          0          0          0          0         68   ferror.o
       478          0          0          0          0         88   flsbuf.o
       236          4          0          0          0        128   fopen.o
        26          0          0          0          0         68   fputc.o
       248          6          0          0          0         84   fseek.o
        70          0          0          0          0         76   ftell.o
        94          0          0          0          0         80   h1_alloc.o
        52          0          0          0          0         68   h1_extend.o
        78          0          0          0          0         80   h1_free.o
        14          0          0          0          0         84   h1_init.o
         6          0          0          0          0        152   heapauxi.o
         4          0          0          0          0        136   hguard.o
         0          0          0          0          0          0   indicate_semi.o
       138          0          0          0          0        168   init_alloc.o
       312         46          0          0          0        112   initio.o
         2          0          0          0          0          0   libinit.o
        18          0          0          0          0          0   libinit2.o
         2          0          0          0          0          0   libshutdown.o
         6          0          0          0          0          0   libshutdown2.o
         8          4          0          0         96         68   libspace.o
         0          0          0          0          0          0   maybetermalloc1.o
        24          4          0          0          0         84   noretval__2printf.o
         8          4          0          0          0         68   rt_errno_addr_intlibspace.o
         8          4          0          0          0         68   rt_heap_descriptor_intlibspace.o
        78          0          0          0          0         80   rt_memclr_w.o
       100          0          0          0          0         80   rt_memcpy_w.o
         0          0          0          0          0          0   rtentry.o
        12          0          0          0          0          0   rtentry2.o
         6          0          0          0          0          0   rtentry4.o
         2          0          0          0          0          0   rtexit.o
        10          0          0          0          0          0   rtexit2.o
        70          0          0          0          0         80   setvbuf.o
       240          6          0          0          0        156   stdio.o
         0          0          0         12        252          0   stdio_streams.o
        62          0          0          0          0         76   strlen.o
        12          4          0          0          0         68   sys_exit.o
       102          0         12          0          0        240   sys_io.o
        74          0          0          0          0         80   sys_stackheap_outer.o
        14          0          0          0          0         76   sys_wrch.o
         2          0          0          0          0         68   use_no_semi.o
        10          0          0          0          0        116   fpinit.o

    ----------------------------------------------------------------------
      3572        214         12         12        352       3936   Library Totals
        14          0          0          0          4          0   (incl. Padding)

    ----------------------------------------------------------------------

      Code (inc. data)   RO Data    RW Data    ZI Data      Debug   Library Name

      3548        214         12         12        348       3820   c_w.l
        10          0          0          0          0        116   fz_wm.l

    ----------------------------------------------------------------------
      3572        214         12         12        352       3936   Library Totals

    ----------------------------------------------------------------------

==============================================================================


      Code (inc. data)   RO Data    RW Data    ZI Data      Debug   

     50260       1206        564         68       2028     442616   Grand Totals
     50260       1206        564         68       2028     442616   ELF Image Totals
     50260       1206        564         68          0          0   ROM Totals

==============================================================================

    Total RO  Size (Code + RO Data)                50824 (  49.63kB)
    Total RW  Size (RW Data + ZI Data)              2096 (   2.05kB)
    Total ROM Size (Code + RO Data + RW Data)      50892 (  49.70kB)

==============================================================================

